Product: MDK-ARM Professional 5.10
Component: ARM Compiler 5.04 update 1 (build 49)
Tool: armlink [5040049]

==============================================================================

Section Cross References

    main.o(.text) refers to stm32f4xx_usart.o(.text) for USART_GetFlagStatus
    main.o(.text) refers to misc.o(.text) for NVIC_PriorityGroupConfig
    main.o(.text) refers to delay.o(.text) for delay_init
    main.o(.text) refers to usart.o(.text) for uart_init
    main.o(.text) refers to led.o(.text) for LED_Init
    main.o(.text) refers to key.o(.text) for KEY_Init
    main.o(.text) refers to lcd.o(.text) for LCD_Init
    main.o(.text) refers to mpu6050.o(.text) for MPU_Init
    main.o(.text) refers to pwm.o(.text) for TIM10_PWM_Init
    main.o(.text) refers to inv_mpu.o(.text) for mpu_dmp_init
    main.o(.text) refers to lcd.o(.data) for POINT_COLOR
    main.o(.text) refers to dflt_clz.o(x$fpl$dflt) for __aeabi_i2d
    main.o(.text) refers to daddsub_clz.o(x$fpl$dadd) for __aeabi_dadd
    main.o(.text) refers to ddiv.o(x$fpl$ddiv) for __aeabi_ddiv
    main.o(.text) refers to car.o(.text) for right_speed
    main.o(.text) refers to dmul.o(x$fpl$dmul) for __aeabi_dmul
    main.o(.text) refers to f2d.o(x$fpl$f2d) for __aeabi_f2d
    main.o(.text) refers to daddsub_clz.o(x$fpl$dsub) for __aeabi_dsub
    main.o(.text) refers to dfixu.o(x$fpl$dfixu) for __aeabi_d2uiz
    system_stm32f4xx.o(.text) refers to system_stm32f4xx.o(.data) for SystemCoreClock
    led.o(.text) refers to stm32f4xx_rcc.o(.text) for RCC_AHB1PeriphClockCmd
    led.o(.text) refers to stm32f4xx_gpio.o(.text) for GPIO_Init
    key.o(.text) refers to stm32f4xx_rcc.o(.text) for RCC_AHB1PeriphClockCmd
    key.o(.text) refers to stm32f4xx_gpio.o(.text) for GPIO_Init
    key.o(.text) refers to delay.o(.text) for delay_ms
    key.o(.text) refers to key.o(.data) for key_up
    lcd.o(.text) refers to _printf_percent.o(.ARM.Collect$$_printf_percent$$00000000) for _printf_percent
    lcd.o(.text) refers to _printf_x.o(.ARM.Collect$$_printf_percent$$0000000C) for _printf_x
    lcd.o(.text) refers to _printf_hex_int.o(.text) for _printf_longlong_hex
    lcd.o(.text) refers to delay.o(.text) for delay_us
    lcd.o(.text) refers to lcd.o(.bss) for lcddev
    lcd.o(.text) refers to lcd.o(.data) for POINT_COLOR
    lcd.o(.text) refers to dflt_clz.o(x$fpl$dfltu) for __aeabi_ui2d
    lcd.o(.text) refers to dmul.o(x$fpl$dmul) for __aeabi_dmul
    lcd.o(.text) refers to dfixu.o(x$fpl$dfixu) for __aeabi_d2uiz
    lcd.o(.text) refers to stm32f4xx_rcc.o(.text) for RCC_AHB1PeriphClockCmd
    lcd.o(.text) refers to stm32f4xx_gpio.o(.text) for GPIO_Init
    lcd.o(.text) refers to stm32f4xx_fsmc.o(.text) for FSMC_NORSRAMInit
    lcd.o(.text) refers to noretval__2printf.o(.text) for __2printf
    lcd.o(.text) refers to lcd.o(.constdata) for asc2_1206
    myiic.o(.text) refers to stm32f4xx_rcc.o(.text) for RCC_AHB1PeriphClockCmd
    myiic.o(.text) refers to stm32f4xx_gpio.o(.text) for GPIO_Init
    myiic.o(.text) refers to delay.o(.text) for delay_us
    mpu6050.o(.text) refers to myiic.o(.text) for IIC_Start
    mpu6050.o(.text) refers to delay.o(.text) for delay_ms
    mpu6050.o(.text) refers to dflt_clz.o(x$fpl$dflt) for __aeabi_i2d
    mpu6050.o(.text) refers to ddiv.o(x$fpl$ddiv) for __aeabi_ddiv
    mpu6050.o(.text) refers to daddsub_clz.o(x$fpl$dadd) for __aeabi_dadd
    mpu6050.o(.text) refers to d2f.o(x$fpl$d2f) for __aeabi_d2f
    inv_mpu.o(.text) refers to _printf_pad.o(.text) for _printf_pre_padding
    inv_mpu.o(.text) refers to _printf_percent.o(.ARM.Collect$$_printf_percent$$00000000) for _printf_percent
    inv_mpu.o(.text) refers to _printf_x.o(.ARM.Collect$$_printf_percent$$0000000C) for _printf_x
    inv_mpu.o(.text) refers to _printf_hex_int.o(.text) for _printf_longlong_hex
    inv_mpu.o(.text) refers to _printf_d.o(.ARM.Collect$$_printf_percent$$00000009) for _printf_d
    inv_mpu.o(.text) refers to _printf_dec.o(.text) for _printf_int_dec
    inv_mpu.o(.text) refers to mpu6050.o(.text) for MPU_Write_Len
    inv_mpu.o(.text) refers to noretval__2printf.o(.text) for __2printf
    inv_mpu.o(.text) refers to delay.o(.text) for delay_ms
    inv_mpu.o(.text) refers to inv_mpu.o(.data) for st
    inv_mpu.o(.text) refers to inv_mpu.o(.conststring) for .conststring
    inv_mpu.o(.text) refers to inv_mpu.o(.constdata) for test
    inv_mpu.o(.text) refers to llsdiv.o(.text) for __aeabi_ldivmod
    inv_mpu.o(.text) refers to memcmp.o(.text) for memcmp
    inv_mpu.o(.text) refers to inv_mpu_dmp_motion_driver.o(.text) for dmp_set_gyro_bias
    inv_mpu.o(.text) refers to myiic.o(.text) for IIC_Init
    inv_mpu.o(.text) refers to f2d.o(x$fpl$f2d) for __aeabi_f2d
    inv_mpu.o(.text) refers to asin.o(i.__hardfp_asin) for __hardfp_asin
    inv_mpu.o(.text) refers to dmul.o(x$fpl$dmul) for __aeabi_dmul
    inv_mpu.o(.text) refers to d2f.o(x$fpl$d2f) for __aeabi_d2f
    inv_mpu.o(.text) refers to atan2.o(i.__hardfp_atan2) for __hardfp_atan2
[...]
    dmp                                      0x200001c8   Data          16  inv_mpu_dmp_motion_driver.o(.bss)
    .bss                                     0x200001d8   Section      200  usart.o(.bss)
    .bss                                     0x200002a0   Section       96  libspace.o(.bss)
    HEAP                                     0x20000300   Section      512  startup_stm32f40_41xxx.o(HEAP)
    Heap_Mem                                 0x20000300   Data         512  startup_stm32f40_41xxx.o(HEAP)
    STACK                                    0x20000500   Section     1024  startup_stm32f40_41xxx.o(STACK)
    Stack_Mem                                0x20000500   Data        1024  startup_stm32f40_41xxx.o(STACK)
    __initial_sp                             0x20000900   Data           0  startup_stm32f40_41xxx.o(STACK)

    Global Symbols

    Symbol Name                              Value     Ov Type        Size  Object(Section)

    BuildAttributes$$THM_ISAv4$E$P$D$K$B$S$7EM$VFPi3$EXTD16$VFPS$VFMA$PE$A:L22UL41UL21$X:L11$S22US41US21$IEEE1$IW$USESV6$~STKCKD$USESV7$~SHL$OTIME$ROPI$IEEEX$EBA8$UX$STANDARDLIB$REQ8$PRES8$EABIv2 0x00000000   Number         0  anon$$obj.o ABSOLUTE
    __ARM_use_no_argv                        0x00000000   Number         0  main.o ABSOLUTE
    _printf_flags                            0x00000000   Number         0  printf_stubs.o ABSOLUTE
    _printf_return_value                     0x00000000   Number         0  printf_stubs.o ABSOLUTE
    _printf_sizespec                         0x00000000   Number         0  printf_stubs.o ABSOLUTE
    _printf_widthprec                        0x00000000   Number         0  printf_stubs.o ABSOLUTE
    __ARM_exceptions_init                     - Undefined Weak Reference
    __alloca_initialize                       - Undefined Weak Reference
    __cpp_initialize__aeabi_                  - Undefined Weak Reference
    __cxa_finalize                            - Undefined Weak Reference
    __rt_locale                               - Undefined Weak Reference
    __sigvec_lookup                           - Undefined Weak Reference
    _atexit_init                              - Undefined Weak Reference
    _call_atexit_fns                          - Undefined Weak Reference
    _clock_init                               - Undefined Weak Reference
    _fp_trap_init                             - Undefined Weak Reference
    _fp_trap_shutdown                         - Undefined Weak Reference
    _get_lc_collate                           - Undefined Weak Reference
    _get_lc_ctype                             - Undefined Weak Reference
    _get_lc_monetary                          - Undefined Weak Reference
    _get_lc_numeric                           - Undefined Weak Reference
    _get_lc_time                              - Undefined Weak Reference
    _getenv_init                              - Undefined Weak Reference
    _handle_redirection                       - Undefined Weak Reference
    _init_alloc                               - Undefined Weak Reference
    _init_user_alloc                          - Undefined Weak Reference
    _initio                                   - Undefined Weak Reference
    _mutex_acquire                            - Undefined Weak Reference
    _mutex_release                            - Undefined Weak Reference
    _printf_mbtowc                            - Undefined Weak Reference
    _printf_truncate_signed                   - Undefined Weak Reference
    _printf_truncate_unsigned                 - Undefined Weak Reference
    _rand_init                                - Undefined Weak Reference
    _signal_finish                            - Undefined Weak Reference
    _signal_init                              - Undefined Weak Reference
    _terminate_alloc                          - Undefined Weak Reference
    _terminate_user_alloc                     - Undefined Weak Reference
    _terminateio                              - Undefined Weak Reference
    __Vectors_Size                           0x00000188   Number         0  startup_stm32f40_41xxx.o ABSOLUTE
    __Vectors                                0x08000000   Data           4  startup_stm32f40_41xxx.o(RESET)
    __Vectors_End                            0x08000188   Data           0  startup_stm32f40_41xxx.o(RESET)
    __main                                   0x08000189   Thumb Code     8  __main.o(!!!main)
    __scatterload                            0x08000191   Thumb Code     0  __scatter.o(!!!scatter)
    __scatterload_rt2                        0x08000191   Thumb Code    44  __scatter.o(!!!scatter)
    __scatterload_rt2_thumb_only             0x08000191   Thumb Code     0  __scatter.o(!!!scatter)
    __scatterload_null                       0x0800019f   Thumb Code     0  __scatter.o(!!!scatter)
    __decompress                             0x080001c5   Thumb Code    90  __dczerorl2.o(!!dczerorl2)
    __decompress1                            0x080001c5   Thumb Code     0  __dczerorl2.o(!!dczerorl2)
    __scatterload_zeroinit                   0x08000221   Thumb Code    28  __scatter_zi.o(!!handler_zi)
    _printf_d                                0x0800023d   Thumb Code     0  _printf_d.o(.ARM.Collect$$_printf_percent$$00000009)
    _printf_percent                          0x0800023d   Thumb Code     0  _printf_percent.o(.ARM.Collect$$_printf_percent$$00000000)
    _printf_u                                0x08000243   Thumb Code     0  _printf_u.o(.ARM.Collect$$_printf_percent$$0000000A)
    _printf_x                                0x08000249   Thumb Code     0  _printf_x.o(.ARM.Collect$$_printf_percent$$0000000C)
    _printf_c                                0x0800024f   Thumb Code     0  _printf_c.o(.ARM.Collect$$_printf_percent$$00000013)
    _printf_s                                0x08000255   Thumb Code     0  _printf_s.o(.ARM.Collect$$_printf_percent$$00000014)
    _printf_percent_end                      0x0800025b   Thumb Code     0  _printf_percent_end.o(.ARM.Collect$$_printf_percent$$00000017)
    __rt_lib_init                            0x0800025f   Thumb Code     0  libinit.o(.ARM.Collect$$libinit$$00000000)
    __rt_lib_init_fp_1                       0x08000261   Thumb Code     0  libinit2.o(.ARM.Collect$$libinit$$00000001)
    __rt_lib_init_alloca_1                   0x08000265   Thumb Code     0  libinit2.o(.ARM.Collect$$libinit$$0000002C)
    __rt_lib_init_argv_1                     0x08000265   Thumb Code     0  libinit2.o(.ARM.Collect$$libinit$$0000002A)
    __rt_lib_init_atexit_1                   0x08000265   Thumb Code     0  libinit2.o(.ARM.Collect$$libinit$$00000019)
    __rt_lib_init_clock_1                    0x08000265   Thumb Code     0  libinit2.o(.ARM.Collect$$libinit$$0000001F)
    __rt_lib_init_cpp_1                      0x08000265   Thumb Code     0  libinit2.o(.ARM.Collect$$libinit$$00000030)
    __rt_lib_init_exceptions_1               0x08000265   Thumb Code     0  libinit2.o(.ARM.Collect$$libinit$$0000002E)
    __rt_lib_init_fp_trap_1                  0x08000265   Thumb Code     0  libinit2.o(.ARM.Collect$$libinit$$0000001D)
    __rt_lib_init_getenv_1                   0x08000265   Thumb Code     0  libinit2.o(.ARM.Collect$$libinit$$00000021)
    __rt_lib_init_heap_1                     0x08000265   Thumb Code     0  libinit2.o(.ARM.Collect$$libinit$$00000008)
    __rt_lib_init_lc_collate_1               0x08000265   Thumb Code     0  libinit2.o(.ARM.Collect$$libinit$$0000000F)
    __rt_lib_init_lc_ctype_1                 0x08000265   Thumb Code     0  libinit2.o(.ARM.Collect$$libinit$$00000011)
    __rt_lib_init_lc_monetary_1              0x08000265   Thumb Code     0  libinit2.o(.ARM.Collect$$libinit$$00000013)
    __rt_lib_init_lc_numeric_1               0x08000265   Thumb Code     0  libinit2.o(.ARM.Collect$$libinit$$00000015)
    __rt_lib_init_lc_time_1                  0x08000265   Thumb Code     0  libinit2.o(.ARM.Collect$$libinit$$00000017)
    __rt_lib_init_rand_1                     0x08000265   Thumb Code     0  libinit2.o(.ARM.Collect$$libinit$$0000000C)
    __rt_lib_init_return                     0x08000265   Thumb Code     0  libinit2.o(.ARM.Collect$$libinit$$00000031)
    __rt_lib_init_signal_1                   0x08000265   Thumb Code     0  libinit2.o(.ARM.Collect$$libinit$$0000001B)
    __rt_lib_init_stdio_1                    0x08000265   Thumb Code     0  libinit2.o(.ARM.Collect$$libinit$$00000023)
    __rt_lib_init_user_alloc_1               0x08000265   Thumb Code     0  libinit2.o(.ARM.Collect$$libinit$$0000000A)
    __rt_lib_shutdown                        0x08000267   Thumb Code     0  libshutdown.o(.ARM.Collect$$libshutdown$$00000000)
    __rt_lib_shutdown_fp_trap_1              0x08000269   Thumb Code     0  libshutdown2.o(.ARM.Collect$$libshutdown$$00000006)
    __rt_lib_shutdown_heap_1                 0x08000269   Thumb Code     0  libshutdown2.o(.ARM.Collect$$libshutdown$$0000000E)
    __rt_lib_shutdown_return                 0x08000269   Thumb Code     0  libshutdown2.o(.ARM.Collect$$libshutdown$$0000000F)
    __rt_lib_shutdown_signal_1               0x08000269   Thumb Code     0  libshutdown2.o(.ARM.Collect$$libshutdown$$00000009)
    __rt_lib_shutdown_stdio_1                0x08000269   Thumb Code     0  libshutdown2.o(.ARM.Collect$$libshutdown$$00000003)
    __rt_lib_shutdown_user_alloc_1           0x08000269   Thumb Code     0  libshutdown2.o(.ARM.Collect$$libshutdown$$0000000B)
    __rt_entry                               0x0800026b   Thumb Code     0  rtentry.o(.ARM.Collect$$rtentry$$00000000)
    __rt_entry_presh_1                       0x0800026b   Thumb Code     0  rtentry2.o(.ARM.Collect$$rtentry$$00000002)
    __rt_entry_sh                            0x0800026b   Thumb Code     0  rtentry4.o(.ARM.Collect$$rtentry$$00000004)
    __rt_entry_li                            0x08000271   Thumb Code     0  rtentry2.o(.ARM.Collect$$rtentry$$0000000A)
    __rt_entry_postsh_1                      0x08000271   Thumb Code     0  rtentry2.o(.ARM.Collect$$rtentry$$00000009)
    __rt_entry_main                          0x08000275   Thumb Code     0  rtentry2.o(.ARM.Collect$$rtentry$$0000000D)
    __rt_entry_postli_1                      0x08000275   Thumb Code     0  rtentry2.o(.ARM.Collect$$rtentry$$0000000C)
    __rt_exit                                0x0800027d   Thumb Code     0  rtexit.o(.ARM.Collect$$rtexit$$00000000)
    __rt_exit_ls                             0x0800027f   Thumb Code     0  rtexit2.o(.ARM.Collect$$rtexit$$00000003)
    __rt_exit_prels_1                        0x0800027f   Thumb Code     0  rtexit2.o(.ARM.Collect$$rtexit$$00000002)
    __rt_exit_exit                           0x08000283   Thumb Code     0  rtexit2.o(.ARM.Collect$$rtexit$$00000004)
    usart1_send_char                         0x08000289   Thumb Code    28  main.o(.text)
    usart1_niming_report                     0x080002a5   Thumb Code   118  main.o(.text)
    mpu6050_send_data                        0x0800031b   Thumb Code   110  main.o(.text)
    usart1_report_imu                        0x08000389   Thumb Code   192  main.o(.text)
    main                                     0x08000449   Thumb Code  1296  main.o(.text)
    NMI_Handler                              0x0800096d   Thumb Code     2  stm32f4xx_it.o(.text)
    HardFault_Handler                        0x0800096f   Thumb Code     4  stm32f4xx_it.o(.text)
    MemManage_Handler                        0x08000973   Thumb Code     4  stm32f4xx_it.o(.text)
    BusFault_Handler                         0x08000977   Thumb Code     4  stm32f4xx_it.o(.text)
    UsageFault_Handler                       0x0800097b   Thumb Code     4  stm32f4xx_it.o(.text)
    SVC_Handler                              0x0800097f   Thumb Code     2  stm32f4xx_it.o(.text)
    DebugMon_Handler                         0x08000981   Thumb Code     2  stm32f4xx_it.o(.text)
    PendSV_Handler                           0x08000983   Thumb Code     2  stm32f4xx_it.o(.text)
    SysTick_Handler                          0x08000985   Thumb Code     2  stm32f4xx_it.o(.text)
    SystemInit                               0x08000a65   Thumb Code    88  system_stm32f4xx.o(.text)
    SystemCoreClockUpdate                    0x08000abd   Thumb Code   174  system_stm32f4xx.o(.text)
    LED_Init                                 0x08000b99   Thumb Code    50  led.o(.text)
    KEY_Init                                 0x08000bd1   Thumb Code    60  key.o(.text)
    KEY_Scan                                 0x08000c0d   Thumb Code   188  key.o(.text)
    LCD_WR_REG                               0x08000cd5   Thumb Code    18  lcd.o(.text)
    LCD_WR_DATA                              0x08000ce7   Thumb Code    20  lcd.o(.text)
    LCD_RD_DATA                              0x08000cfb   Thumb Code    16  lcd.o(.text)
    LCD_WriteReg                             0x08000d0b   Thumb Code    14  lcd.o(.text)
    LCD_ReadReg                              0x08000d19   Thumb Code    22  lcd.o(.text)
    LCD_WriteRAM_Prepare                     0x08000d2f   Thumb Code    10  lcd.o(.text)
    LCD_WriteRAM                             0x08000d39   Thumb Code     8  lcd.o(.text)
    LCD_BGR2RGB                              0x08000d41   Thumb Code    26  lcd.o(.text)
    opt_delay                                0x08000d5b   Thumb Code    14  lcd.o(.text)
    LCD_SetCursor                            0x08000d69   Thumb Code   418  lcd.o(.text)
    LCD_ReadPoint                            0x08000f0b   Thumb Code   360  lcd.o(.text)
    LCD_DisplayOn                            0x08001073   Thumb Code   102  lcd.o(.text)
    LCD_DisplayOff                           0x080010d9   Thumb Code    90  lcd.o(.text)
    LCD_Scan_Dir                             0x08001133   Thumb Code   744  lcd.o(.text)
    LCD_DrawPoint                            0x0800141b   Thumb Code    28  lcd.o(.text)
    LCD_Fast_DrawPoint                       0x08001437   Thumb Code   388  lcd.o(.text)
    LCD_SSD_BackLightSet                     0x080015bb   Thumb Code    88  lcd.o(.text)
    LCD_Display_Dir                          0x08001613   Thumb Code   444  lcd.o(.text)
    LCD_Set_Window                           0x080017cf   Thumb Code   546  lcd.o(.text)
    LCD_Clear                                0x080019f1   Thumb Code   100  lcd.o(.text)
    LCD_Init                                 0x08001a55   Thumb Code 14696  lcd.o(.text)
    LCD_Fill                                 0x080053bd   Thumb Code   180  lcd.o(.text)
    LCD_Color_Fill                           0x08005471   Thumb Code   100  lcd.o(.text)
    LCD_DrawLine                             0x080054d5   Thumb Code   176  lcd.o(.text)
    LCD_DrawRectangle                        0x08005585   Thumb Code    60  lcd.o(.text)
    LCD_Draw_Circle                          0x080055c1   Thumb Code   152  lcd.o(.text)
    LCD_ShowChar                             0x08005659   Thumb Code   272  lcd.o(.text)
    LCD_Pow                                  0x08005769   Thumb Code    22  lcd.o(.text)
    LCD_ShowNum                              0x0800577f   Thumb Code   148  lcd.o(.text)
    LCD_ShowxNum                             0x08005813   Thumb Code   220  lcd.o(.text)
    LCD_ShowString                           0x080058ef   Thumb Code   102  lcd.o(.text)
    IIC_Init                                 0x08005955   Thumb Code    62  myiic.o(.text)
    IIC_Start                                0x08005993   Thumb Code    68  myiic.o(.text)
    IIC_Stop                                 0x080059d7   Thumb Code    62  myiic.o(.text)
    IIC_Wait_Ack                             0x08005a15   Thumb Code    82  myiic.o(.text)
    IIC_Ack                                  0x08005a67   Thumb Code    66  myiic.o(.text)
    IIC_NAck                                 0x08005aa9   Thumb Code    66  myiic.o(.text)
    IIC_Send_Byte                            0x08005aeb   Thumb Code    90  myiic.o(.text)
    IIC_Read_Byte                            0x08005b45   Thumb Code    94  myiic.o(.text)
    MPU_Write_Byte                           0x08005bb1   Thumb Code    68  mpu6050.o(.text)
    MPU_Set_LPF                              0x08005bf5   Thumb Code    58  mpu6050.o(.text)
    MPU_Set_Rate                             0x08005c2f   Thumb Code    58  mpu6050.o(.text)
    MPU_Read_Byte                            0x08005c69   Thumb Code    58  mpu6050.o(.text)
    MPU_Set_Accel_Fsr                        0x08005ca3   Thumb Code    16  mpu6050.o(.text)
    MPU_Set_Gyro_Fsr                         0x08005cb3   Thumb Code    16  mpu6050.o(.text)
    MPU_Init                                 0x08005cc3   Thumb Code   122  mpu6050.o(.text)
    MPU_Read_Len                             0x08005d3d   Thumb Code   116  mpu6050.o(.text)
    MPU_Get_Temperature                      0x08005db1   Thumb Code   110  mpu6050.o(.text)
    MPU_Get_Gyroscope                        0x08005e1f   Thumb Code    80  mpu6050.o(.text)
    MPU_Get_Accelerometer                    0x08005e6f   Thumb Code    80  mpu6050.o(.text)
    MPU_Write_Len                            0x08005ebf   Thumb Code    96  mpu6050.o(.text)
    mpu_reg_dump                             0x08005fbf   Thumb Code    84  inv_mpu.o(.text)
    mpu_read_reg                             0x08006013   Thumb Code    66  inv_mpu.o(.text)
    mpu_set_int_latched                      0x08006055   Thumb Code   102  inv_mpu.o(.text)
    mpu_set_sensors                          0x080060bb   Thumb Code   202  inv_mpu.o(.text)
    mpu_set_bypass                           0x08006185   Thumb Code   328  inv_mpu.o(.text)
    mpu_reset_fifo                           0x080062cd   Thumb Code   472  inv_mpu.o(.text)
    mpu_configure_fifo                       0x080064a5   Thumb Code   106  inv_mpu.o(.text)
    mpu_set_lpf                              0x0800650f   Thumb Code   126  inv_mpu.o(.text)
    mpu_lp_accel_mode                        0x0800658d   Thumb Code   218  inv_mpu.o(.text)
    mpu_set_sample_rate                      0x08006667   Thumb Code   152  inv_mpu.o(.text)
    mpu_set_accel_fsr                        0x080066ff   Thumb Code   132  inv_mpu.o(.text)
    mpu_set_gyro_fsr                         0x08006783   Thumb Code   132  inv_mpu.o(.text)
    mpu_init                                 0x08006807   Thumb Code   416  inv_mpu.o(.text)
    mget_ms                                  0x080069a7   Thumb Code     2  inv_mpu.o(.text)
    mpu_get_gyro_reg                         0x080069a9   Thumb Code   110  inv_mpu.o(.text)
    mpu_get_accel_reg                        0x08006a17   Thumb Code   110  inv_mpu.o(.text)
    mpu_get_temperature                      0x08006a85   Thumb Code   142  inv_mpu.o(.text)
    mpu_set_accel_bias                       0x08006b13   Thumb Code   472  inv_mpu.o(.text)
    mpu_get_gyro_fsr                         0x08006ceb   Thumb Code    64  inv_mpu.o(.text)
    mpu_get_accel_fsr                        0x08006d2b   Thumb Code    72  inv_mpu.o(.text)
    mpu_get_lpf                              0x08006d73   Thumb Code    74  inv_mpu.o(.text)
    mpu_get_sample_rate                      0x08006dbd   Thumb Code    26  inv_mpu.o(.text)
    mpu_get_compass_sample_rate              0x08006dd7   Thumb Code    10  inv_mpu.o(.text)
    mpu_set_compass_sample_rate              0x08006de1   Thumb Code     8  inv_mpu.o(.text)
    mpu_get_gyro_sens                        0x08006de9   Thumb Code    74  inv_mpu.o(.text)
    mpu_get_accel_sens                       0x08006e33   Thumb Code    78  inv_mpu.o(.text)
    mpu_get_fifo_config                      0x08006e81   Thumb Code    12  inv_mpu.o(.text)
    mpu_get_power_state                      0x08006e8d   Thumb Code    22  inv_mpu.o(.text)
    mpu_get_int_status                       0x08006ea3   Thumb Code    64  inv_mpu.o(.text)
    mpu_read_fifo                            0x08006ee3   Thumb Code   520  inv_mpu.o(.text)
    mpu_read_fifo_stream                     0x080070eb   Thumb Code   186  inv_mpu.o(.text)
    mpu_set_int_level                        0x080071a5   Thumb Code    12  inv_mpu.o(.text)
    mpu_set_dmp_state                        0x080078b5   Thumb Code   138  inv_mpu.o(.text)
    mpu_run_self_test                        0x0800793f   Thumb Code   278  inv_mpu.o(.text)
    mpu_write_mem                            0x08007a55   Thumb Code   122  inv_mpu.o(.text)
    mpu_read_mem                             0x08007acf   Thumb Code   122  inv_mpu.o(.text)
    mpu_load_firmware                        0x08007b49   Thumb Code   190  inv_mpu.o(.text)
    mpu_get_dmp_state                        0x08007c07   Thumb Code    14  inv_mpu.o(.text)
    setup_compass                            0x08007c15   Thumb Code     6  inv_mpu.o(.text)
    mpu_get_compass_reg                      0x08007c1b   Thumb Code     8  inv_mpu.o(.text)
    mpu_get_compass_fsr                      0x08007c23   Thumb Code     8  inv_mpu.o(.text)
    mpu_lp_motion_interrupt                  0x08007c2b   Thumb Code   512  inv_mpu.o(.text)
    run_self_test                            0x08007e2b   Thumb Code   154  inv_mpu.o(.text)
    inv_row_2_scale                          0x08007ec5   Thumb Code    78  inv_mpu.o(.text)
    inv_orientation_matrix_to_scalar         0x08007f13   Thumb Code    40  inv_mpu.o(.text)
    mpu_dmp_init                             0x08007f3b   Thumb Code   160  inv_mpu.o(.text)
    mpu_dmp_get_data                         0x08007fdb   Thumb Code   520  inv_mpu.o(.text)
    dmp_load_motion_driver_firmware          0x080081f5   Thumb Code    20  inv_mpu_dmp_motion_driver.o(.text)
    dmp_set_orientation                      0x08008209   Thumb Code   290  inv_mpu_dmp_motion_driver.o(.text)
    dmp_set_gyro_bias                        0x0800832b   Thumb Code   294  inv_mpu_dmp_motion_driver.o(.text)
    dmp_set_accel_bias                       0x08008451   Thumb Code   300  inv_mpu_dmp_motion_driver.o(.text)
    dmp_set_fifo_rate                        0x0800857d   Thumb Code   136  inv_mpu_dmp_motion_driver.o(.text)
    dmp_get_fifo_rate                        0x08008605   Thumb Code    12  inv_mpu_dmp_motion_driver.o(.text)
    dmp_set_tap_thresh                       0x08008611   Thumb Code   412  inv_mpu_dmp_motion_driver.o(.text)
    dmp_set_tap_axes                         0x080087ad   Thumb Code    70  inv_mpu_dmp_motion_driver.o(.text)
    dmp_set_tap_count                        0x080087f3   Thumb Code    38  inv_mpu_dmp_motion_driver.o(.text)
    dmp_set_tap_time                         0x08008819   Thumb Code    38  inv_mpu_dmp_motion_driver.o(.text)
    dmp_set_tap_time_multi                   0x0800883f   Thumb Code    38  inv_mpu_dmp_motion_driver.o(.text)
    dmp_set_shake_reject_thresh              0x08008865   Thumb Code    56  inv_mpu_dmp_motion_driver.o(.text)
    dmp_set_shake_reject_time                0x0800889d   Thumb Code    38  inv_mpu_dmp_motion_driver.o(.text)
    dmp_set_shake_reject_timeout             0x080088c3   Thumb Code    38  inv_mpu_dmp_motion_driver.o(.text)
    dmp_get_pedometer_step_count             0x080088e9   Thumb Code    66  inv_mpu_dmp_motion_driver.o(.text)
    dmp_set_pedometer_step_count             0x0800892b   Thumb Code    42  inv_mpu_dmp_motion_driver.o(.text)
    dmp_get_pedometer_walk_time              0x08008955   Thumb Code    72  inv_mpu_dmp_motion_driver.o(.text)
    dmp_set_pedometer_walk_time              0x0800899d   Thumb Code    48  inv_mpu_dmp_motion_driver.o(.text)
    dmp_enable_6x_lp_quat                    0x080089cd   Thumb Code   100  inv_mpu_dmp_motion_driver.o(.text)
    dmp_enable_lp_quat                       0x08008a31   Thumb Code    60  inv_mpu_dmp_motion_driver.o(.text)
    dmp_enable_gyro_cal                      0x08008a6d   Thumb Code    62  inv_mpu_dmp_motion_driver.o(.text)
    dmp_enable_feature                       0x08008aab   Thumb Code   530  inv_mpu_dmp_motion_driver.o(.text)
    dmp_get_enabled_features                 0x08008cbd   Thumb Code    12  inv_mpu_dmp_motion_driver.o(.text)
    dmp_set_interrupt_mode                   0x08008d27   Thumb Code    66  inv_mpu_dmp_motion_driver.o(.text)
    dmp_read_fifo                            0x08008d69   Thumb Code   514  inv_mpu_dmp_motion_driver.o(.text)
    dmp_register_tap_cb                      0x08008f6b   Thumb Code    10  inv_mpu_dmp_motion_driver.o(.text)
    dmp_register_android_orient_cb           0x08008f75   Thumb Code    10  inv_mpu_dmp_motion_driver.o(.text)
    TIM11_PWM_Init                           0x08008f85   Thumb Code   150  pwm.o(.text)
    TIM10_PWM_Init                           0x0800901b   Thumb Code   150  pwm.o(.text)
    left_head                                0x080090bd   Thumb Code    24  car.o(.text)
    left_back                                0x080090d5   Thumb Code    24  car.o(.text)
    right_head                               0x080090ed   Thumb Code    24  car.o(.text)
    right_back                               0x08009105   Thumb Code    24  car.o(.text)
    left_speed                               0x0800911d   Thumb Code    14  car.o(.text)
    right_speed                              0x0800912b   Thumb Code    14  car.o(.text)
    delay_init                               0x08009145   Thumb Code    52  delay.o(.text)
    delay_us                                 0x08009179   Thumb Code    72  delay.o(.text)
    delay_xms                                0x080091c1   Thumb Code    72  delay.o(.text)
    delay_ms                                 0x08009209   Thumb Code    56  delay.o(.text)
    _sys_exit                                0x08009249   Thumb Code     6  usart.o(.text)
    fputc                                    0x0800924f   Thumb Code    22  usart.o(.text)
    uart_init                                0x08009265   Thumb Code   172  usart.o(.text)
    USART1_IRQHandler                        0x08009311   Thumb Code   122  usart.o(.text)
    Reset_Handler                            0x0800939d   Thumb Code     8  startup_stm32f40_41xxx.o(.text)
    ADC_IRQHandler                           0x080093b7   Thumb Code     0  startup_stm32f40_41xxx.o(.text)
    CAN1_RX0_IRQHandler                      0x080093b7   Thumb Code     0  startup_stm32f40_41xxx.o(.text)
    CAN1_RX1_IRQHandler                      0x080093b7   Thumb Code     0  startup_stm32f40_41xxx.o(.text)
    CAN1_SCE_IRQHandler                      0x080093b7   Thumb Code     0  startup_stm32f40_41xxx.o(.text)
    CAN1_TX_IRQHandler                       0x080093b7   Thumb Code     0  startup_stm32f40_41xxx.o(.text)
    CAN2_RX0_IRQHandler                      0x080093b7   Thumb Code     0  startup_stm32f40_41xxx.o(.text)
    CAN2_RX1_IRQHandler                      0x080093b7   Thumb Code     0  startup_stm32f40_41xxx.o(.text)
    CAN2_SCE_IRQHandler                      0x080093b7   Thumb Code     0  startup_stm32f40_41xxx.o(.text)
    CAN2_TX_IRQHandler                       0x080093b7   Thumb Code     0  startup_stm32f40_41xxx.o(.text)
    CRYP_IRQHandler                          0x080093b7   Thumb Code     0  startup_stm32f40_41xxx.o(.text)
    DCMI_IRQHandler                          0x080093b7   Thumb Code     0  startup_stm32f40_41xxx.o(.text)
    DMA1_Stream0_IRQHandler                  0x080093b7   Thumb Code     0  startup_stm32f40_41xxx.o(.text)
    DMA1_Stream1_IRQHandler                  0x080093b7   Thumb Code     0  startup_stm32f40_41xxx.o(.text)
    DMA1_Stream2_IRQHandler                  0x080093b7   Thumb Code     0  startup_stm32f40_41xxx.o(.text)
    DMA1_Stream3_IRQHandler                  0x080093b7   Thumb Code     0  startup_stm32f40_41xxx.o(.text)
    DMA1_Stream4_IRQHandler                  0x080093b7   Thumb Code     0  startup_stm32f40_41xxx.o(.text)
    DMA1_Stream5_IRQHandler                  0x080093b7   Thumb Code     0  startup_stm32f40_41xxx.o(.text)
    DMA1_Stream6_IRQHandler                  0x080093b7   Thumb Code     0  startup_stm32f40_41xxx.o(.text)
    DMA1_Stream7_IRQHandler                  0x080093b7   Thumb Code     0  startup_stm32f40_41xxx.o(.text)
    DMA2_Stream0_IRQHandler                  0x080093b7   Thumb Code     0  startup_stm32f40_41xxx.o(.text)
    DMA2_Stream1_IRQHandler                  0x080093b7   Thumb Code     0  startup_stm32f40_41xxx.o(.text)
    DMA2_Stream2_IRQHandler                  0x080093b7   Thumb Code     0  startup_stm32f40_41xxx.o(.text)
    DMA2_Stream3_IRQHandler                  0x080093b7   Thumb Code     0  startup_stm32f40_41xxx.o(.text)
    DMA2_Stream4_IRQHandler                  0x080093b7   Thumb Code     0  startup_stm32f40_41xxx.o(.text)
    DMA2_Stream5_IRQHandler                  0x080093b7   Thumb Code     0  startup_stm32f40_41xxx.o(.text)
    DMA2_Stream6_IRQHandler                  0x080093b7   Thumb Code     0  startup_stm32f40_41xxx.o(.text)
    DMA2_Stream7_IRQHandler                  0x080093b7   Thumb Code     0  startup_stm32f40_41xxx.o(.text)
    ETH_IRQHandler                           0x080093b7   Thumb Code     0  startup_stm32f40_41xxx.o(.text)
    ETH_WKUP_IRQHandler                      0x080093b7   Thumb Code     0  startup_stm32f40_41xxx.o(.text)
    EXTI0_IRQHandler                         0x080093b7   Thumb Code     0  startup_stm32f40_41xxx.o(.text)
    EXTI15_10_IRQHandler                     0x080093b7   Thumb Code     0  startup_stm32f40_41xxx.o(.text)
    EXTI1_IRQHandler                         0x080093b7   Thumb Code     0  startup_stm32f40_41xxx.o(.text)
    EXTI2_IRQHandler                         0x080093b7   Thumb Code     0  startup_stm32f40_41xxx.o(.text)
    EXTI3_IRQHandler                         0x080093b7   Thumb Code     0  startup_stm32f40_41xxx.o(.text)
    EXTI4_IRQHandler                         0x080093b7   Thumb Code     0  startup_stm32f40_41xxx.o(.text)
    EXTI9_5_IRQHandler                       0x080093b7   Thumb Code     0  startup_stm32f40_41xxx.o(.text)
    FLASH_IRQHandler                         0x080093b7   Thumb Code     0  startup_stm32f40_41xxx.o(.text)
    FPU_IRQHandler                           0x080093b7   Thumb Code     0  startup_stm32f40_41xxx.o(.text)
    FSMC_IRQHandler                          0x080093b7   Thumb Code     0  startup_stm32f40_41xxx.o(.text)
    HASH_RNG_IRQHandler                      0x080093b7   Thumb Code     0  startup_stm32f40_41xxx.o(.text)
    I2C1_ER_IRQHandler                       0x080093b7   Thumb Code     0  startup_stm32f40_41xxx.o(.text)
    I2C1_EV_IRQHandler                       0x080093b7   Thumb Code     0  startup_stm32f40_41xxx.o(.text)
    I2C2_ER_IRQHandler                       0x080093b7   Thumb Code     0  startup_stm32f40_41xxx.o(.text)
    I2C2_EV_IRQHandler                       0x080093b7   Thumb Code     0  startup_stm32f40_41xxx.o(.text)
    I2C3_ER_IRQHandler                       0x080093b7   Thumb Code     0  startup_stm32f40_41xxx.o(.text)
    I2C3_EV_IRQHandler                       0x080093b7   Thumb Code     0  startup_stm32f40_41xxx.o(.text)
    OTG_FS_IRQHandler                        0x080093b7   Thumb Code     0  startup_stm32f40_41xxx.o(.text)
    OTG_FS_WKUP_IRQHandler                   0x080093b7   Thumb Code     0  startup_stm32f40_41xxx.o(.text)
    OTG_HS_EP1_IN_IRQHandler                 0x080093b7   Thumb Code     0  startup_stm32f40_41xxx.o(.text)
    OTG_HS_EP1_OUT_IRQHandler                0x080093b7   Thumb Code     0  startup_stm32f40_41xxx.o(.text)
    OTG_HS_IRQHandler                        0x080093b7   Thumb Code     0  startup_stm32f40_41xxx.o(.text)
    OTG_HS_WKUP_IRQHandler                   0x080093b7   Thumb Code     0  startup_stm32f40_41xxx.o(.text)
    PVD_IRQHandler                           0x080093b7   Thumb Code     0  startup_stm32f40_41xxx.o(.text)
    RCC_IRQHandler                           0x080093b7   Thumb Code     0  startup_stm32f40_41xxx.o(.text)
    RTC_Alarm_IRQHandler                     0x080093b7   Thumb Code     0  startup_stm32f40_41xxx.o(.text)
    RTC_WKUP_IRQHandler                      0x080093b7   Thumb Code     0  startup_stm32f40_41xxx.o(.text)
    SDIO_IRQHandler                          0x080093b7   Thumb Code     0  startup_stm32f40_41xxx.o(.text)
    SPI1_IRQHandler                          0x080093b7   Thumb Code     0  startup_stm32f40_41xxx.o(.text)
    SPI2_IRQHandler                          0x080093b7   Thumb Code     0  startup_stm32f40_41xxx.o(.text)
    SPI3_IRQHandler                          0x080093b7   Thumb Code     0  startup_stm32f40_41xxx.o(.text)
    TAMP_STAMP_IRQHandler                    0x080093b7   Thumb Code     0  startup_stm32f40_41xxx.o(.text)
    TIM1_BRK_TIM9_IRQHandler                 0x080093b7   Thumb Code     0  startup_stm32f40_41xxx.o(.text)
    TIM1_CC_IRQHandler                       0x080093b7   Thumb Code     0  startup_stm32f40_41xxx.o(.text)
    TIM1_TRG_COM_TIM11_IRQHandler            0x080093b7   Thumb Code     0  startup_stm32f40_41xxx.o(.text)
    TIM1_UP_TIM10_IRQHandler                 0x080093b7   Thumb Code     0  startup_stm32f40_41xxx.o(.text)
    TIM2_IRQHandler                          0x080093b7   Thumb Code     0  startup_stm32f40_41xxx.o(.text)
    TIM3_IRQHandler                          0x080093b7   Thumb Code     0  startup_stm32f40_41xxx.o(.text)
    TIM5_IRQHandler                          0x080093b7   Thumb Code     0  startup_stm32f40_41xxx.o(.text)
    TIM6_DAC_IRQHandler                      0x080093b7   Thumb Code     0  startup_stm32f40_41xxx.o(.text)
    TIM7_IRQHandler                          0x080093b7   Thumb Code     0  startup_stm32f40_41xxx.o(.text)
    TIM8_BRK_TIM12_IRQHandler                0x080093b7   Thumb Code     0  startup_stm32f40_41xxx.o(.text)
    TIM8_CC_IRQHandler                       0x080093b7   Thumb Code     0  startup_stm32f40_41xxx.o(.text)
    TIM8_TRG_COM_TIM14_IRQHandler            0x080093b7   Thumb Code     0  startup_stm32f40_41xxx.o(.text)
    TIM8_UP_TIM13_IRQHandler                 0x080093b7   Thumb Code     0  startup_stm32f40_41xxx.o(.text)
    UART4_IRQHandler                         0x080093b7   Thumb Code     0  startup_stm32f40_41xxx.o(.text)
    UART5_IRQHandler                         0x080093b7   Thumb Code     0  startup_stm32f40_41xxx.o(.text)
    USART2_IRQHandler                        0x080093b7   Thumb Code     0  startup_stm32f40_41xxx.o(.text)
    USART3_IRQHandler                        0x080093b7   Thumb Code     0  startup_stm32f40_41xxx.o(.text)
    USART6_IRQHandler                        0x080093b7   Thumb Code     0  startup_stm32f40_41xxx.o(.text)
    WWDG_IRQHandler                          0x080093b7   Thumb Code     0  startup_stm32f40_41xxx.o(.text)
    __user_initial_stackheap                 0x080093b9   Thumb Code     0  startup_stm32f40_41xxx.o(.text)
    NVIC_PriorityGroupConfig                 0x080093dd   Thumb Code    10  misc.o(.text)
    NVIC_Init                                0x080093e7   Thumb Code   106  misc.o(.text)
    NVIC_SetVectorTable                      0x08009451   Thumb Code    14  misc.o(.text)
    NVIC_SystemLPConfig                      0x0800945f   Thumb Code    34  misc.o(.text)
    SysTick_CLKSourceConfig                  0x08009481   Thumb Code    40  misc.o(.text)
    FSMC_NORSRAMDeInit                       0x080094bd   Thumb Code    54  stm32f4xx_fsmc.o(.text)
    FSMC_NORSRAMInit                         0x080094f3   Thumb Code   230  stm32f4xx_fsmc.o(.text)
    FSMC_NORSRAMStructInit                   0x080095d9   Thumb Code    48  stm32f4xx_fsmc.o(.text)
    FSMC_NORSRAMCmd                          0x08009609   Thumb Code    46  stm32f4xx_fsmc.o(.text)
    FSMC_NANDDeInit                          0x08009637   Thumb Code    62  stm32f4xx_fsmc.o(.text)
    FSMC_NANDInit                            0x08009675   Thumb Code   132  stm32f4xx_fsmc.o(.text)
    FSMC_NANDStructInit                      0x080096f9   Thumb Code    54  stm32f4xx_fsmc.o(.text)
    FSMC_NANDCmd                             0x0800972f   Thumb Code    86  stm32f4xx_fsmc.o(.text)
    FSMC_NANDECCCmd                          0x08009785   Thumb Code    86  stm32f4xx_fsmc.o(.text)
    FSMC_GetECC                              0x080097db   Thumb Code    24  stm32f4xx_fsmc.o(.text)
    FSMC_PCCARDDeInit                        0x080097f3   Thumb Code    36  stm32f4xx_fsmc.o(.text)
    FSMC_PCCARDInit                          0x08009817   Thumb Code   130  stm32f4xx_fsmc.o(.text)
    FSMC_PCCARDStructInit                    0x08009899   Thumb Code    60  stm32f4xx_fsmc.o(.text)
    FSMC_PCCARDCmd                           0x080098d5   Thumb Code    44  stm32f4xx_fsmc.o(.text)
    FSMC_ITConfig                            0x08009901   Thumb Code   128  stm32f4xx_fsmc.o(.text)
    FSMC_GetFlagStatus                       0x08009981   Thumb Code    54  stm32f4xx_fsmc.o(.text)
    FSMC_ClearFlag                           0x080099b7   Thumb Code    74  stm32f4xx_fsmc.o(.text)
    FSMC_GetITStatus                         0x08009a01   Thumb Code    62  stm32f4xx_fsmc.o(.text)
    FSMC_ClearITPendingBit                   0x08009a3f   Thumb Code    66  stm32f4xx_fsmc.o(.text)
    GPIO_DeInit                              0x08009a85   Thumb Code   268  stm32f4xx_gpio.o(.text)
    GPIO_Init                                0x08009b91   Thumb Code   144  stm32f4xx_gpio.o(.text)
    GPIO_StructInit                          0x08009c21   Thumb Code    18  stm32f4xx_gpio.o(.text)
    GPIO_PinLockConfig                       0x08009c33   Thumb Code    34  stm32f4xx_gpio.o(.text)
    GPIO_ReadInputDataBit                    0x08009c55   Thumb Code    18  stm32f4xx_gpio.o(.text)
    GPIO_ReadInputData                       0x08009c67   Thumb Code     8  stm32f4xx_gpio.o(.text)
    GPIO_ReadOutputDataBit                   0x08009c6f   Thumb Code    18  stm32f4xx_gpio.o(.text)
    GPIO_ReadOutputData                      0x08009c81   Thumb Code     8  stm32f4xx_gpio.o(.text)
    GPIO_SetBits                             0x08009c89   Thumb Code     4  stm32f4xx_gpio.o(.text)
    GPIO_ResetBits                           0x08009c8d   Thumb Code     4  stm32f4xx_gpio.o(.text)
    GPIO_WriteBit                            0x08009c91   Thumb Code    10  stm32f4xx_gpio.o(.text)
    GPIO_Write                               0x08009c9b   Thumb Code     4  stm32f4xx_gpio.o(.text)
    GPIO_ToggleBits                          0x08009c9f   Thumb Code     8  stm32f4xx_gpio.o(.text)
    GPIO_PinAFConfig                         0x08009ca7   Thumb Code    70  stm32f4xx_gpio.o(.text)
    RCC_DeInit                               0x08009d19   Thumb Code    82  stm32f4xx_rcc.o(.text)
    RCC_HSEConfig                            0x08009d6b   Thumb Code    14  stm32f4xx_rcc.o(.text)
    RCC_GetFlagStatus                        0x08009d79   Thumb Code    60  stm32f4xx_rcc.o(.text)
    RCC_WaitForHSEStartUp                    0x08009db5   Thumb Code    56  stm32f4xx_rcc.o(.text)
    RCC_AdjustHSICalibrationValue            0x08009ded   Thumb Code    20  stm32f4xx_rcc.o(.text)
    RCC_HSICmd                               0x08009e01   Thumb Code     6  stm32f4xx_rcc.o(.text)
    RCC_LSEConfig                            0x08009e07   Thumb Code    46  stm32f4xx_rcc.o(.text)
    RCC_LSICmd                               0x08009e35   Thumb Code     6  stm32f4xx_rcc.o(.text)
    RCC_PLLConfig                            0x08009e3b   Thumb Code    32  stm32f4xx_rcc.o(.text)
    RCC_PLLCmd                               0x08009e5b   Thumb Code     6  stm32f4xx_rcc.o(.text)
    RCC_PLLI2SConfig                         0x08009e61   Thumb Code    14  stm32f4xx_rcc.o(.text)
    RCC_PLLI2SCmd                            0x08009e6f   Thumb Code     6  stm32f4xx_rcc.o(.text)
    RCC_PLLSAIConfig                         0x08009e75   Thumb Code    20  stm32f4xx_rcc.o(.text)
    RCC_PLLSAICmd                            0x08009e89   Thumb Code     6  stm32f4xx_rcc.o(.text)
    RCC_ClockSecuritySystemCmd               0x08009e8f   Thumb Code     6  stm32f4xx_rcc.o(.text)
    RCC_MCO1Config                           0x08009e95   Thumb Code    28  stm32f4xx_rcc.o(.text)
    RCC_MCO2Config                           0x08009eb1   Thumb Code    28  stm32f4xx_rcc.o(.text)
    RCC_SYSCLKConfig                         0x08009ecd   Thumb Code    20  stm32f4xx_rcc.o(.text)
    RCC_GetSYSCLKSource                      0x08009ee1   Thumb Code    12  stm32f4xx_rcc.o(.text)
    RCC_HCLKConfig                           0x08009eed   Thumb Code    20  stm32f4xx_rcc.o(.text)
    RCC_PCLK1Config                          0x08009f01   Thumb Code    20  stm32f4xx_rcc.o(.text)
    RCC_PCLK2Config                          0x08009f15   Thumb Code    22  stm32f4xx_rcc.o(.text)
    RCC_GetClocksFreq                        0x08009f2b   Thumb Code   222  stm32f4xx_rcc.o(.text)
    RCC_RTCCLKConfig                         0x0800a009   Thumb Code    54  stm32f4xx_rcc.o(.text)
    RCC_RTCCLKCmd                            0x0800a03f   Thumb Code     8  stm32f4xx_rcc.o(.text)
    RCC_BackupResetCmd                       0x0800a047   Thumb Code     8  stm32f4xx_rcc.o(.text)
    RCC_I2SCLKConfig                         0x0800a04f   Thumb Code     6  stm32f4xx_rcc.o(.text)
    RCC_SAIPLLI2SClkDivConfig                0x0800a055   Thumb Code    26  stm32f4xx_rcc.o(.text)
    RCC_SAIPLLSAIClkDivConfig                0x0800a06f   Thumb Code    28  stm32f4xx_rcc.o(.text)
    RCC_SAIBlockACLKConfig                   0x0800a08b   Thumb Code    20  stm32f4xx_rcc.o(.text)
    RCC_SAIBlockBCLKConfig                   0x0800a09f   Thumb Code    20  stm32f4xx_rcc.o(.text)
    RCC_LTDCCLKDivConfig                     0x0800a0b3   Thumb Code    20  stm32f4xx_rcc.o(.text)
    RCC_TIMCLKPresConfig                     0x0800a0c7   Thumb Code     6  stm32f4xx_rcc.o(.text)
    RCC_AHB1PeriphClockCmd                   0x0800a0cd   Thumb Code    34  stm32f4xx_rcc.o(.text)
    RCC_AHB2PeriphClockCmd                   0x0800a0ef   Thumb Code    78  stm32f4xx_rcc.o(.text)
    RCC_AHB3PeriphClockCmd                   0x0800a13d   Thumb Code    34  stm32f4xx_rcc.o(.text)
    RCC_APB1PeriphClockCmd                   0x0800a15f   Thumb Code    34  stm32f4xx_rcc.o(.text)
    RCC_APB2PeriphClockCmd                   0x0800a181   Thumb Code    34  stm32f4xx_rcc.o(.text)
    RCC_AHB1PeriphResetCmd                   0x0800a1a3   Thumb Code    34  stm32f4xx_rcc.o(.text)
    RCC_AHB2PeriphResetCmd                   0x0800a1c5   Thumb Code    34  stm32f4xx_rcc.o(.text)
    RCC_AHB3PeriphResetCmd                   0x0800a1e7   Thumb Code    34  stm32f4xx_rcc.o(.text)
    RCC_APB1PeriphResetCmd                   0x0800a209   Thumb Code    34  stm32f4xx_rcc.o(.text)
    RCC_APB2PeriphResetCmd                   0x0800a22b   Thumb Code    34  stm32f4xx_rcc.o(.text)
    RCC_AHB1PeriphClockLPModeCmd             0x0800a24d   Thumb Code    34  stm32f4xx_rcc.o(.text)
    RCC_AHB2PeriphClockLPModeCmd             0x0800a26f   Thumb Code    34  stm32f4xx_rcc.o(.text)
    RCC_AHB3PeriphClockLPModeCmd             0x0800a291   Thumb Code    34  stm32f4xx_rcc.o(.text)
    RCC_APB1PeriphClockLPModeCmd             0x0800a2b3   Thumb Code    34  stm32f4xx_rcc.o(.text)
    RCC_APB2PeriphClockLPModeCmd             0x0800a2d5   Thumb Code    34  stm32f4xx_rcc.o(.text)
    RCC_LSEModeConfig                        0x0800a2f7   Thumb Code    40  stm32f4xx_rcc.o(.text)
    RCC_ITConfig                             0x0800a31f   Thumb Code    34  stm32f4xx_rcc.o(.text)
    RCC_ClearFlag                            0x0800a341   Thumb Code    18  stm32f4xx_rcc.o(.text)
    RCC_GetITStatus                          0x0800a353   Thumb Code    22  stm32f4xx_rcc.o(.text)
    RCC_ClearITPendingBit                    0x0800a369   Thumb Code     8  stm32f4xx_rcc.o(.text)
    USART_DeInit                             0x0800a375   Thumb Code   206  stm32f4xx_usart.o(.text)
    USART_Init                               0x0800a443   Thumb Code   204  stm32f4xx_usart.o(.text)
    USART_StructInit                         0x0800a50f   Thumb Code    24  stm32f4xx_usart.o(.text)
    USART_ClockInit                          0x0800a527   Thumb Code    32  stm32f4xx_usart.o(.text)
    USART_ClockStructInit                    0x0800a547   Thumb Code    12  stm32f4xx_usart.o(.text)
    USART_Cmd                                0x0800a553   Thumb Code    24  stm32f4xx_usart.o(.text)
    USART_SetPrescaler                       0x0800a56b   Thumb Code    16  stm32f4xx_usart.o(.text)
    USART_OverSampling8Cmd                   0x0800a57b   Thumb Code    22  stm32f4xx_usart.o(.text)
    USART_OneBitMethodCmd                    0x0800a591   Thumb Code    24  stm32f4xx_usart.o(.text)
    USART_SendData                           0x0800a5a9   Thumb Code     8  stm32f4xx_usart.o(.text)
    USART_ReceiveData                        0x0800a5b1   Thumb Code    10  stm32f4xx_usart.o(.text)
    USART_SetAddress                         0x0800a5bb   Thumb Code    18  stm32f4xx_usart.o(.text)
    USART_ReceiverWakeUpCmd                  0x0800a5cd   Thumb Code    24  stm32f4xx_usart.o(.text)
    USART_WakeUpConfig                       0x0800a5e5   Thumb Code    18  stm32f4xx_usart.o(.text)
    USART_LINBreakDetectLengthConfig         0x0800a5f7   Thumb Code    18  stm32f4xx_usart.o(.text)
    USART_LINCmd                             0x0800a609   Thumb Code    24  stm32f4xx_usart.o(.text)
    USART_SendBreak                          0x0800a621   Thumb Code    10  stm32f4xx_usart.o(.text)
    USART_HalfDuplexCmd                      0x0800a62b   Thumb Code    24  stm32f4xx_usart.o(.text)
    USART_SetGuardTime                       0x0800a643   Thumb Code    16  stm32f4xx_usart.o(.text)
    USART_SmartCardCmd                       0x0800a653   Thumb Code    24  stm32f4xx_usart.o(.text)
    USART_SmartCardNACKCmd                   0x0800a66b   Thumb Code    24  stm32f4xx_usart.o(.text)
    USART_IrDAConfig                         0x0800a683   Thumb Code    18  stm32f4xx_usart.o(.text)
    USART_IrDACmd                            0x0800a695   Thumb Code    24  stm32f4xx_usart.o(.text)
    USART_DMACmd                             0x0800a6ad   Thumb Code    18  stm32f4xx_usart.o(.text)
    USART_ITConfig                           0x0800a6bf   Thumb Code    74  stm32f4xx_usart.o(.text)
    USART_GetFlagStatus                      0x0800a709   Thumb Code    26  stm32f4xx_usart.o(.text)
    USART_ClearFlag                          0x0800a723   Thumb Code    18  stm32f4xx_usart.o(.text)
    USART_GetITStatus                        0x0800a735   Thumb Code   118  stm32f4xx_usart.o(.text)
    USART_ClearITPendingBit                  0x0800a7ab   Thumb Code    30  stm32f4xx_usart.o(.text)
    TIM_DeInit                               0x0800a7c9   Thumb Code   346  stm32f4xx_tim.o(.text)
    TIM_TimeBaseInit                         0x0800a923   Thumb Code   104  stm32f4xx_tim.o(.text)
    TIM_TimeBaseStructInit                   0x0800a98b   Thumb Code    18  stm32f4xx_tim.o(.text)
    TIM_PrescalerConfig                      0x0800a99d   Thumb Code     6  stm32f4xx_tim.o(.text)
    TIM_CounterModeConfig                    0x0800a9a3   Thumb Code    18  stm32f4xx_tim.o(.text)
    TIM_SetCounter                           0x0800a9b5   Thumb Code     4  stm32f4xx_tim.o(.text)
    TIM_SetAutoreload                        0x0800a9b9   Thumb Code     4  stm32f4xx_tim.o(.text)
    TIM_GetCounter                           0x0800a9bd   Thumb Code     6  stm32f4xx_tim.o(.text)
    TIM_GetPrescaler                         0x0800a9c3   Thumb Code     6  stm32f4xx_tim.o(.text)
    TIM_UpdateDisableConfig                  0x0800a9c9   Thumb Code    24  stm32f4xx_tim.o(.text)
    TIM_UpdateRequestConfig                  0x0800a9e1   Thumb Code    24  stm32f4xx_tim.o(.text)
    TIM_ARRPreloadConfig                     0x0800a9f9   Thumb Code    24  stm32f4xx_tim.o(.text)
    TIM_SelectOnePulseMode                   0x0800aa11   Thumb Code    18  stm32f4xx_tim.o(.text)
    TIM_SetClockDivision                     0x0800aa23   Thumb Code    18  stm32f4xx_tim.o(.text)
    TIM_Cmd                                  0x0800aa35   Thumb Code    24  stm32f4xx_tim.o(.text)
    TIM_OC1Init                              0x0800aa4d   Thumb Code   114  stm32f4xx_tim.o(.text)
    TIM_OC2Init                              0x0800aabf   Thumb Code   154  stm32f4xx_tim.o(.text)
    TIM_OC3Init                              0x0800ab59   Thumb Code   204  stm32f4xx_tim.o(.text)
    TIM_OC4Init                              0x0800ac25   Thumb Code   112  stm32f4xx_tim.o(.text)
    TIM_OCStructInit                         0x0800ac95   Thumb Code    20  stm32f4xx_tim.o(.text)
    TIM_SelectOCxM                           0x0800aca9   Thumb Code    86  stm32f4xx_tim.o(.text)
    TIM_SetCompare1                          0x0800acff   Thumb Code     4  stm32f4xx_tim.o(.text)
    TIM_SetCompare2                          0x0800ad03   Thumb Code     4  stm32f4xx_tim.o(.text)
    TIM_SetCompare3                          0x0800ad07   Thumb Code     4  stm32f4xx_tim.o(.text)
    TIM_SetCompare4                          0x0800ad0b   Thumb Code     4  stm32f4xx_tim.o(.text)
    TIM_ForcedOC1Config                      0x0800ad0f   Thumb Code    18  stm32f4xx_tim.o(.text)
    TIM_ForcedOC2Config                      0x0800ad21   Thumb Code    26  stm32f4xx_tim.o(.text)
    TIM_ForcedOC3Config                      0x0800ad3b   Thumb Code    18  stm32f4xx_tim.o(.text)
    TIM_ForcedOC4Config                      0x0800ad4d   Thumb Code    26  stm32f4xx_tim.o(.text)
    TIM_OC1PreloadConfig                     0x0800ad67   Thumb Code    18  stm32f4xx_tim.o(.text)
    TIM_OC2PreloadConfig                     0x0800ad79   Thumb Code    26  stm32f4xx_tim.o(.text)
    TIM_OC3PreloadConfig                     0x0800ad93   Thumb Code    18  stm32f4xx_tim.o(.text)
    TIM_OC4PreloadConfig                     0x0800ada5   Thumb Code    26  stm32f4xx_tim.o(.text)
    TIM_OC1FastConfig                        0x0800adbf   Thumb Code    18  stm32f4xx_tim.o(.text)
    TIM_OC2FastConfig                        0x0800add1   Thumb Code    26  stm32f4xx_tim.o(.text)
    TIM_OC3FastConfig                        0x0800adeb   Thumb Code    18  stm32f4xx_tim.o(.text)
    TIM_OC4FastConfig                        0x0800adfd   Thumb Code    26  stm32f4xx_tim.o(.text)
    TIM_ClearOC1Ref                          0x0800ae17   Thumb Code    18  stm32f4xx_tim.o(.text)
    TIM_ClearOC2Ref                          0x0800ae29   Thumb Code    24  stm32f4xx_tim.o(.text)
    TIM_ClearOC3Ref                          0x0800ae41   Thumb Code    18  stm32f4xx_tim.o(.text)
    TIM_ClearOC4Ref                          0x0800ae53   Thumb Code    24  stm32f4xx_tim.o(.text)
    TIM_OC1PolarityConfig                    0x0800ae6b   Thumb Code    18  stm32f4xx_tim.o(.text)
    TIM_OC1NPolarityConfig                   0x0800ae7d   Thumb Code    18  stm32f4xx_tim.o(.text)
    TIM_OC2PolarityConfig                    0x0800ae8f   Thumb Code    26  stm32f4xx_tim.o(.text)
    TIM_OC2NPolarityConfig                   0x0800aea9   Thumb Code    26  stm32f4xx_tim.o(.text)
    TIM_OC3PolarityConfig                    0x0800aec3   Thumb Code    26  stm32f4xx_tim.o(.text)
    TIM_OC3NPolarityConfig                   0x0800aedd   Thumb Code    26  stm32f4xx_tim.o(.text)
    TIM_OC4PolarityConfig                    0x0800aef7   Thumb Code    26  stm32f4xx_tim.o(.text)
    TIM_CCxCmd                               0x0800af11   Thumb Code    30  stm32f4xx_tim.o(.text)
    TIM_CCxNCmd                              0x0800af2f   Thumb Code    30  stm32f4xx_tim.o(.text)
    TIM_SetIC4Prescaler                      0x0800af4d   Thumb Code    26  stm32f4xx_tim.o(.text)
    TIM_SetIC3Prescaler                      0x0800afb7   Thumb Code    18  stm32f4xx_tim.o(.text)
    TIM_SetIC2Prescaler                      0x0800b011   Thumb Code    26  stm32f4xx_tim.o(.text)
    TIM_SetIC1Prescaler                      0x0800b085   Thumb Code    18  stm32f4xx_tim.o(.text)
    TIM_ICInit                               0x0800b0d1   Thumb Code   110  stm32f4xx_tim.o(.text)
    TIM_ICStructInit                         0x0800b13f   Thumb Code    18  stm32f4xx_tim.o(.text)
    TIM_PWMIConfig                           0x0800b151   Thumb Code   124  stm32f4xx_tim.o(.text)
    TIM_GetCapture1                          0x0800b1cd   Thumb Code     6  stm32f4xx_tim.o(.text)
    TIM_GetCapture2                          0x0800b1d3   Thumb Code     6  stm32f4xx_tim.o(.text)
    TIM_GetCapture3                          0x0800b1d9   Thumb Code     6  stm32f4xx_tim.o(.text)
    TIM_GetCapture4                          0x0800b1df   Thumb Code     6  stm32f4xx_tim.o(.text)
    TIM_BDTRConfig                           0x0800b1e5   Thumb Code    32  stm32f4xx_tim.o(.text)
    TIM_BDTRStructInit                       0x0800b205   Thumb Code    18  stm32f4xx_tim.o(.text)
    TIM_CtrlPWMOutputs                       0x0800b217   Thumb Code    30  stm32f4xx_tim.o(.text)
    TIM_SelectCOM                            0x0800b235   Thumb Code    24  stm32f4xx_tim.o(.text)
    TIM_CCPreloadControl                     0x0800b24d   Thumb Code    24  stm32f4xx_tim.o(.text)
    TIM_ITConfig                             0x0800b265   Thumb Code    18  stm32f4xx_tim.o(.text)
    TIM_GenerateEvent                        0x0800b277   Thumb Code     4  stm32f4xx_tim.o(.text)
    TIM_GetFlagStatus                        0x0800b27b   Thumb Code    18  stm32f4xx_tim.o(.text)
    TIM_ClearFlag                            0x0800b28d   Thumb Code     6  stm32f4xx_tim.o(.text)
    TIM_GetITStatus                          0x0800b293   Thumb Code    34  stm32f4xx_tim.o(.text)
    TIM_ClearITPendingBit                    0x0800b2b5   Thumb Code     6  stm32f4xx_tim.o(.text)
    TIM_DMAConfig                            0x0800b2bb   Thumb Code    10  stm32f4xx_tim.o(.text)
    TIM_DMACmd                               0x0800b2c5   Thumb Code    18  stm32f4xx_tim.o(.text)
    TIM_SelectCCDMA                          0x0800b2d7   Thumb Code    24  stm32f4xx_tim.o(.text)
    TIM_InternalClockConfig                  0x0800b2ef   Thumb Code    12  stm32f4xx_tim.o(.text)
    TIM_SelectInputTrigger                   0x0800b2fb   Thumb Code    18  stm32f4xx_tim.o(.text)
    TIM_ITRxExternalClockConfig              0x0800b30d   Thumb Code    24  stm32f4xx_tim.o(.text)
    TIM_TIxExternalClockConfig               0x0800b325   Thumb Code    62  stm32f4xx_tim.o(.text)
    TIM_ETRConfig                            0x0800b363   Thumb Code    28  stm32f4xx_tim.o(.text)
    TIM_ETRClockMode1Config                  0x0800b37f   Thumb Code    54  stm32f4xx_tim.o(.text)
    TIM_ETRClockMode2Config                  0x0800b3b5   Thumb Code    32  stm32f4xx_tim.o(.text)
    TIM_SelectOutputTrigger                  0x0800b3d5   Thumb Code    18  stm32f4xx_tim.o(.text)
    TIM_SelectSlaveMode                      0x0800b3e7   Thumb Code    18  stm32f4xx_tim.o(.text)
    TIM_SelectMasterSlaveMode                0x0800b3f9   Thumb Code    18  stm32f4xx_tim.o(.text)
    TIM_EncoderInterfaceConfig               0x0800b40b   Thumb Code    66  stm32f4xx_tim.o(.text)
    TIM_SelectHallSensor                     0x0800b44d   Thumb Code    24  stm32f4xx_tim.o(.text)
    TIM_RemapConfig                          0x0800b465   Thumb Code     6  stm32f4xx_tim.o(.text)
    usmart_sys_cmd_exe                       0x0800b46d   Thumb Code  1554  usmart.o(.text)
    usmart_reset_runtime                     0x0800ba7f   Thumb Code    38  usmart.o(.text)
    usmart_get_runtime                       0x0800baa5   Thumb Code    60  usmart.o(.text)
    TIM4_IRQHandler                          0x0800bae1   Thumb Code    46  usmart.o(.text)
    Timer4_Init                              0x0800bb0f   Thumb Code    86  usmart.o(.text)
    usmart_init                              0x0800bb65   Thumb Code    36  usmart.o(.text)
    usmart_cmd_rec                           0x0800bb89   Thumb Code   170  usmart.o(.text)
    usmart_exe                               0x0800bc33   Thumb Code   868  usmart.o(.text)
    usmart_scan                              0x0800bf97   Thumb Code   120  usmart.o(.text)
    read_addr                                0x0800c00f   Thumb Code     6  usmart.o(.text)
    write_addr                               0x0800c015   Thumb Code     4  usmart.o(.text)
    usmart_strcmp                            0x0800c0a1   Thumb Code    34  usmart_str.o(.text)
    usmart_strcopy                           0x0800c0c3   Thumb Code    22  usmart_str.o(.text)
    usmart_strlen                            0x0800c0d9   Thumb Code    24  usmart_str.o(.text)
    usmart_pow                               0x0800c0f1   Thumb Code    22  usmart_str.o(.text)
    usmart_str2num                           0x0800c107   Thumb Code   202  usmart_str.o(.text)
    usmart_get_cmdname                       0x0800c1d1   Thumb Code    54  usmart_str.o(.text)
    usmart_search_nextc                      0x0800c207   Thumb Code    22  usmart_str.o(.text)
    usmart_get_fname                         0x0800c21d   Thumb Code   440  usmart_str.o(.text)
    usmart_get_aparm                         0x0800c3d5   Thumb Code   200  usmart_str.o(.text)
    usmart_get_parmpos                       0x0800c49d   Thumb Code    26  usmart_str.o(.text)
    usmart_get_fparam                        0x0800c4b7   Thumb Code   262  usmart_str.o(.text)
    __use_no_semihosting                     0x0800c5c9   Thumb Code     2  use_no_semi_2.o(.text)
    __aeabi_ldivmod                          0x0800c5cb   Thumb Code     0  llsdiv.o(.text)
    _ll_sdiv                                 0x0800c5cb   Thumb Code    72  llsdiv.o(.text)
    __2printf                                0x0800c615   Thumb Code    20  noretval__2printf.o(.text)
    _printf_pre_padding                      0x0800c62d   Thumb Code    44  _printf_pad.o(.text)
    _printf_post_padding                     0x0800c659   Thumb Code    34  _printf_pad.o(.text)
    _printf_str                              0x0800c67b   Thumb Code    82  _printf_str.o(.text)
    _printf_int_dec                          0x0800c6cd   Thumb Code   100  _printf_dec.o(.text)
    _printf_int_hex                          0x0800c741   Thumb Code    84  _printf_hex_int.o(.text)
    _printf_longlong_hex                     0x0800c741   Thumb Code     0  _printf_hex_int.o(.text)
    __printf                                 0x0800c799   Thumb Code   388  __printf_flags_ss_wp.o(.text)
    memcmp                                   0x0800c921   Thumb Code    88  memcmp.o(.text)
    __aeabi_memset                           0x0800c979   Thumb Code    16  aeabi_memset.o(.text)
    __use_two_region_memory                  0x0800c989   Thumb Code     2  heapauxi.o(.text)
    __rt_heap_escrow$2region                 0x0800c98b   Thumb Code     2  heapauxi.o(.text)
    __rt_heap_expand$2region                 0x0800c98d   Thumb Code     2  heapauxi.o(.text)
    __I$use$semihosting                      0x0800c98f   Thumb Code     0  use_no_semi.o(.text)
    __use_no_semihosting_swi                 0x0800c98f   Thumb Code     2  use_no_semi.o(.text)
    __aeabi_uldivmod                         0x0800c991   Thumb Code     0  lludivv7m.o(.text)
    _ll_udiv                                 0x0800c991   Thumb Code   238  lludivv7m.o(.text)
    __read_errno                             0x0800ca7f   Thumb Code    10  _rserrno.o(.text)
    __set_errno                              0x0800ca89   Thumb Code    12  _rserrno.o(.text)
    _printf_int_common                       0x0800ca95   Thumb Code   178  _printf_intcommon.o(.text)
    _printf_cs_common                        0x0800cb47   Thumb Code    20  _printf_char.o(.text)
    _printf_char                             0x0800cb5b   Thumb Code    16  _printf_char.o(.text)
    _printf_string                           0x0800cb6b   Thumb Code     8  _printf_char.o(.text)
    _printf_char_file                        0x0800cb75   Thumb Code    32  _printf_char_file.o(.text)
    __aeabi_memclr                           0x0800cb99   Thumb Code     0  rt_memclr.o(.text)
    __rt_memclr                              0x0800cb99   Thumb Code    68  rt_memclr.o(.text)
    _memset                                  0x0800cb9d   Thumb Code     0  rt_memclr.o(.text)
    __aeabi_errno_addr                       0x0800cbdd   Thumb Code     8  rt_errno_addr_intlibspace.o(.text)
    __errno$intlibspace                      0x0800cbdd   Thumb Code     0  rt_errno_addr_intlibspace.o(.text)
    __rt_errno_addr$intlibspace              0x0800cbdd   Thumb Code     0  rt_errno_addr_intlibspace.o(.text)
    _printf_char_common                      0x0800cbef   Thumb Code    32  _printf_char_common.o(.text)
    ferror                                   0x0800cc15   Thumb Code     8  ferror.o(.text)
    __aeabi_memclr4                          0x0800cc1d   Thumb Code     0  rt_memclr_w.o(.text)
    __aeabi_memclr8                          0x0800cc1d   Thumb Code     0  rt_memclr_w.o(.text)
    __rt_memclr_w                            0x0800cc1d   Thumb Code    78  rt_memclr_w.o(.text)
    _memset_w                                0x0800cc21   Thumb Code     0  rt_memclr_w.o(.text)
    __user_libspace                          0x0800cc6d   Thumb Code     8  libspace.o(.text)
    __user_perproc_libspace                  0x0800cc6d   Thumb Code     0  libspace.o(.text)
    __user_perthread_libspace                0x0800cc6d   Thumb Code     0  libspace.o(.text)
    __user_setup_stackheap                   0x0800cc75   Thumb Code    74  sys_stackheap_outer.o(.text)
    exit                                     0x0800ccbf   Thumb Code    12  exit.o(.text)
    __ARM_fpclassify                         0x0800cccb   Thumb Code    48  fpclassify.o(i.__ARM_fpclassify)
    __hardfp_asin                            0x0800cd01   Thumb Code   770  asin.o(i.__hardfp_asin)
    __hardfp_atan                            0x0800d071   Thumb Code   632  atan.o(i.__hardfp_atan)
    __hardfp_atan2                           0x0800d351   Thumb Code   426  atan2.o(i.__hardfp_atan2)
    __kernel_poly                            0x0800d541   Thumb Code   248  poly.o(i.__kernel_poly)
    __mathlib_dbl_underflow                  0x0800d639   Thumb Code    24  dunder.o(i.__mathlib_dbl_underflow)
    _is_digit                                0x0800d659   Thumb Code    14  __printf_wp.o(i._is_digit)
    atan                                     0x0800d667   Thumb Code    16  atan.o(i.atan)
    fabs                                     0x0800d677   Thumb Code    24  fabs.o(i.fabs)
    sqrt                                     0x0800d68f   Thumb Code   110  sqrt.o(i.sqrt)
    __aeabi_dneg                             0x0800d6fd   Thumb Code     0  basic.o(x$fpl$basic)
    _dneg                                    0x0800d6fd   Thumb Code     6  basic.o(x$fpl$basic)
    __aeabi_fneg                             0x0800d703   Thumb Code     0  basic.o(x$fpl$basic)
    _fneg                                    0x0800d703   Thumb Code     6  basic.o(x$fpl$basic)
    _dabs                                    0x0800d709   Thumb Code     6  basic.o(x$fpl$basic)
    _fabs                                    0x0800d70f   Thumb Code     6  basic.o(x$fpl$basic)
    __aeabi_d2f                              0x0800d715   Thumb Code     0  d2f.o(x$fpl$d2f)
    _d2f                                     0x0800d715   Thumb Code    98  d2f.o(x$fpl$d2f)
    __aeabi_dadd                             0x0800d779   Thumb Code     0  daddsub_clz.o(x$fpl$dadd)
    _dadd                                    0x0800d779   Thumb Code   332  daddsub_clz.o(x$fpl$dadd)
    __aeabi_ddiv                             0x0800d8c9   Thumb Code     0  ddiv.o(x$fpl$ddiv)
    _ddiv                                    0x0800d8c9   Thumb Code   552  ddiv.o(x$fpl$ddiv)
    __aeabi_d2uiz                            0x0800db79   Thumb Code     0  dfixu.o(x$fpl$dfixu)
    _dfixu                                   0x0800db79   Thumb Code    90  dfixu.o(x$fpl$dfixu)
    __aeabi_i2d                              0x0800dbd3   Thumb Code     0  dflt_clz.o(x$fpl$dflt)
    _dflt                                    0x0800dbd3   Thumb Code    46  dflt_clz.o(x$fpl$dflt)
    __aeabi_ui2d                             0x0800dc01   Thumb Code     0  dflt_clz.o(x$fpl$dfltu)
    _dfltu                                   0x0800dc01   Thumb Code    38  dflt_clz.o(x$fpl$dfltu)
    __aeabi_dmul                             0x0800dc29   Thumb Code     0  dmul.o(x$fpl$dmul)
    _dmul                                    0x0800dc29   Thumb Code   332  dmul.o(x$fpl$dmul)
    __fpl_dnaninf                            0x0800dd7d   Thumb Code   156  dnaninf.o(x$fpl$dnaninf)
    __fpl_dretinf                            0x0800de19   Thumb Code    12  dretinf.o(x$fpl$dretinf)
    __aeabi_drsub                            0x0800de25   Thumb Code     0  daddsub_clz.o(x$fpl$drsb)
    _drsb                                    0x0800de25   Thumb Code    22  daddsub_clz.o(x$fpl$drsb)
    _dsqrt                                   0x0800de3d   Thumb Code   404  dsqrt_umaal.o(x$fpl$dsqrt)
    __aeabi_dsub                             0x0800dfd5   Thumb Code     0  daddsub_clz.o(x$fpl$dsub)
    _dsub                                    0x0800dfd5   Thumb Code   464  daddsub_clz.o(x$fpl$dsub)
    __aeabi_f2d                              0x0800e1a9   Thumb Code     0  f2d.o(x$fpl$f2d)
    _f2d                                     0x0800e1a9   Thumb Code    86  f2d.o(x$fpl$f2d)
    __fpl_fnaninf                            0x0800e1ff   Thumb Code   140  fnaninf.o(x$fpl$fnaninf)
    _fp_init                                 0x0800e28b   Thumb Code    10  fpinit.o(x$fpl$fpinit)
    __fplib_config_fpu_vfp                   0x0800e293   Thumb Code     0  fpinit.o(x$fpl$fpinit)
    __fplib_config_pureend_doubles           0x0800e293   Thumb Code     0  fpinit.o(x$fpl$fpinit)
    __fpl_fretinf                            0x0800e295   Thumb Code    10  fretinf.o(x$fpl$fretinf)
    __I$use$fp                               0x0800e29e   Number         0  usenofp.o(x$fpl$usenofp)
    asc2_1206                                0x0800e29e   Data        1140  lcd.o(.constdata)
    asc2_1608                                0x0800e712   Data        1520  lcd.o(.constdata)
    asc2_2412                                0x0800ed02   Data        3420  lcd.o(.constdata)
    reg                                      0x0800fa60   Data          27  inv_mpu.o(.constdata)
    hw                                       0x0800fa7c   Data          12  inv_mpu.o(.constdata)
    test                                     0x0800fa88   Data          40  inv_mpu.o(.constdata)
    FSMC_DefaultTimingStruct                 0x080106a8   Data          28  stm32f4xx_fsmc.o(.constdata)
    __mathlib_zero                           0x080107e8   Data           8  qnan.o(.constdata)
    Region$$Table$$Base                      0x08010934   Number         0  anon$$obj.o(Region$$Table)
    Region$$Table$$Limit                     0x08010954   Number         0  anon$$obj.o(Region$$Table)
    SystemCoreClock                          0x20000000   Data           4  system_stm32f4xx.o(.data)
    AHBPrescTable                            0x20000004   Data          16  system_stm32f4xx.o(.data)
    POINT_COLOR                              0x20000016   Data           2  lcd.o(.data)
    BACK_COLOR                               0x20000018   Data           2  lcd.o(.data)
    __stdout                                 0x20000058   Data           4  usart.o(.data)
    USART_RX_STA                             0x2000005c   Data           2  usart.o(.data)
    sys_cmd_tab                              0x20000070   Data          28  usmart.o(.data)
    usmart_nametab                           0x2000008c   Data          56  usmart_config.o(.data)
    usmart_dev                               0x200000c4   Data         244  usmart_config.o(.data)
    lcddev                                   0x200001b8   Data          14  lcd.o(.bss)
    USART_RX_BUF                             0x200001d8   Data         200  usart.o(.bss)
    __libspace_start                         0x200002a0   Data          96  libspace.o(.bss)
    __temporary_stack_top$libspace           0x20000300   Data           0  libspace.o(.bss)



==============================================================================

Memory Map of the image

  Image Entry point : 0x08000189

  Load Region LR_IROM1 (Base: 0x08000000, Size: 0x00010b0c, Max: 0x00100000, ABSOLUTE, COMPRESSED[0x000109e0])

    Execution Region ER_IROM1 (Base: 0x08000000, Size: 0x00010954, Max: 0x00100000, ABSOLUTE)

    Base Addr    Size         Type   Attr      Idx    E Section Name        Object

    0x08000000   0x00000188   Data   RO          571    RESET               startup_stm32f40_41xxx.o
    0x08000188   0x00000008   Code   RO          866  * !!!main             c_w.l(__main.o)
    0x08000190   0x00000034   Code   RO         1166    !!!scatter          c_w.l(__scatter.o)
    0x080001c4   0x0000005a   Code   RO         1164    !!dczerorl2         c_w.l(__dczerorl2.o)
    0x0800021e   0x00000002   PAD
    0x08000220   0x0000001c   Code   RO         1168    !!handler_zi        c_w.l(__scatter_zi.o)
    0x0800023c   0x00000000   Code   RO          857    .ARM.Collect$$_printf_percent$$00000000  c_w.l(_printf_percent.o)
    0x0800023c   0x00000006   Code   RO          855    .ARM.Collect$$_printf_percent$$00000009  c_w.l(_printf_d.o)
    0x08000242   0x00000006   Code   RO          856    .ARM.Collect$$_printf_percent$$0000000A  c_w.l(_printf_u.o)
    0x08000248   0x00000006   Code   RO          854    .ARM.Collect$$_printf_percent$$0000000C  c_w.l(_printf_x.o)
    0x0800024e   0x00000006   Code   RO          852    .ARM.Collect$$_printf_percent$$00000013  c_w.l(_printf_c.o)
    0x08000254   0x00000006   Code   RO          853    .ARM.Collect$$_printf_percent$$00000014  c_w.l(_printf_s.o)
    0x0800025a   0x00000004   Code   RO          933    .ARM.Collect$$_printf_percent$$00000017  c_w.l(_printf_percent_end.o)
    0x0800025e   0x00000002   Code   RO         1038    .ARM.Collect$$libinit$$00000000  c_w.l(libinit.o)
    0x08000260   0x00000004   Code   RO         1047    .ARM.Collect$$libinit$$00000001  c_w.l(libinit2.o)
    0x08000264   0x00000000   Code   RO         1051    .ARM.Collect$$libinit$$00000008  c_w.l(libinit2.o)
    0x08000264   0x00000000   Code   RO         1053    .ARM.Collect$$libinit$$0000000A  c_w.l(libinit2.o)
    0x08000264   0x00000000   Code   RO         1055    .ARM.Collect$$libinit$$0000000C  c_w.l(libinit2.o)
    0x08000264   0x00000000   Code   RO         1058    .ARM.Collect$$libinit$$0000000F  c_w.l(libinit2.o)
    0x08000264   0x00000000   Code   RO         1060    .ARM.Collect$$libinit$$00000011  c_w.l(libinit2.o)
    0x08000264   0x00000000   Code   RO         1062    .ARM.Collect$$libinit$$00000013  c_w.l(libinit2.o)
    0x08000264   0x00000000   Code   RO         1064    .ARM.Collect$$libinit$$00000015  c_w.l(libinit2.o)
    0x08000264   0x00000000   Code   RO         1066    .ARM.Collect$$libinit$$00000017  c_w.l(libinit2.o)
    0x08000264   0x00000000   Code   RO         1068    .ARM.Collect$$libinit$$00000019  c_w.l(libinit2.o)
    0x08000264   0x00000000   Code   RO         1070    .ARM.Collect$$libinit$$0000001B  c_w.l(libinit2.o)
    0x08000264   0x00000000   Code   RO         1072    .ARM.Collect$$libinit$$0000001D  c_w.l(libinit2.o)
    0x08000264   0x00000000   Code   RO         1074    .ARM.Collect$$libinit$$0000001F  c_w.l(libinit2.o)
    0x08000264   0x00000000   Code   RO         1076    .ARM.Collect$$libinit$$00000021  c_w.l(libinit2.o)
    0x08000264   0x00000000   Code   RO         1078    .ARM.Collect$$libinit$$00000023  c_w.l(libinit2.o)
    0x08000264   0x00000000   Code   RO         1082    .ARM.Collect$$libinit$$0000002A  c_w.l(libinit2.o)
    0x08000264   0x00000000   Code   RO         1084    .ARM.Collect$$libinit$$0000002C  c_w.l(libinit2.o)
    0x08000264   0x00000000   Code   RO         1086    .ARM.Collect$$libinit$$0000002E  c_w.l(libinit2.o)
    0x08000264   0x00000000   Code   RO         1088    .ARM.Collect$$libinit$$00000030  c_w.l(libinit2.o)
    0x08000264   0x00000002   Code   RO         1089    .ARM.Collect$$libinit$$00000031  c_w.l(libinit2.o)
    0x08000266   0x00000002   Code   RO         1117    .ARM.Collect$$libshutdown$$00000000  c_w.l(libshutdown.o)
    0x08000268   0x00000000   Code   RO         1132    .ARM.Collect$$libshutdown$$00000003  c_w.l(libshutdown2.o)
    0x08000268   0x00000000   Code   RO         1135    .ARM.Collect$$libshutdown$$00000006  c_w.l(libshutdown2.o)
    0x08000268   0x00000000   Code   RO         1138    .ARM.Collect$$libshutdown$$00000009  c_w.l(libshutdown2.o)
    0x08000268   0x00000000   Code   RO         1140    .ARM.Collect$$libshutdown$$0000000B  c_w.l(libshutdown2.o)
    0x08000268   0x00000000   Code   RO         1143    .ARM.Collect$$libshutdown$$0000000E  c_w.l(libshutdown2.o)
    0x08000268   0x00000002   Code   RO         1144    .ARM.Collect$$libshutdown$$0000000F  c_w.l(libshutdown2.o)
    0x0800026a   0x00000000   Code   RO          922    .ARM.Collect$$rtentry$$00000000  c_w.l(rtentry.o)
    0x0800026a   0x00000000   Code   RO          987    .ARM.Collect$$rtentry$$00000002  c_w.l(rtentry2.o)
    0x0800026a   0x00000006   Code   RO          999    .ARM.Collect$$rtentry$$00000004  c_w.l(rtentry4.o)
    0x08000270   0x00000000   Code   RO          989    .ARM.Collect$$rtentry$$00000009  c_w.l(rtentry2.o)
    0x08000270   0x00000004   Code   RO          990    .ARM.Collect$$rtentry$$0000000A  c_w.l(rtentry2.o)
    0x08000274   0x00000000   Code   RO          992    .ARM.Collect$$rtentry$$0000000C  c_w.l(rtentry2.o)
    0x08000274   0x00000008   Code   RO          993    .ARM.Collect$$rtentry$$0000000D  c_w.l(rtentry2.o)
    0x0800027c   0x00000002   Code   RO         1041    .ARM.Collect$$rtexit$$00000000  c_w.l(rtexit.o)
    0x0800027e   0x00000000   Code   RO         1091    .ARM.Collect$$rtexit$$00000002  c_w.l(rtexit2.o)
    0x0800027e   0x00000004   Code   RO         1092    .ARM.Collect$$rtexit$$00000003  c_w.l(rtexit2.o)
    0x08000282   0x00000006   Code   RO         1093    .ARM.Collect$$rtexit$$00000004  c_w.l(rtexit2.o)
    0x08000288   0x000006e4   Code   RO            3    .text               main.o
    0x0800096c   0x0000001a   Code   RO          175    .text               stm32f4xx_it.o
    0x08000986   0x00000002   PAD
    0x08000988   0x00000210   Code   RO          224    .text               system_stm32f4xx.o
    0x08000b98   0x00000038   Code   RO          250    .text               led.o
    0x08000bd0   0x00000104   Code   RO          270    .text               key.o
    0x08000cd4   0x00004c80   Code   RO          291    .text               lcd.o
    0x08005954   0x0000025c   Code   RO          329    .text               myiic.o
    0x08005bb0   0x00000384   Code   RO          349    .text               mpu6050.o
    0x08005f34   0x000022c0   Code   RO          369    .text               inv_mpu.o
    0x080081f4   0x00000d90   Code   RO          404    .text               inv_mpu_dmp_motion_driver.o
    0x08008f84   0x00000138   Code   RO          437    .text               pwm.o
    0x080090bc   0x00000088   Code   RO          457    .text               car.o
    0x08009144   0x00000104   Code   RO          500    .text               delay.o
    0x08009248   0x00000154   Code   RO          540    .text               usart.o
    0x0800939c   0x00000040   Code   RO          572    .text               startup_stm32f40_41xxx.o
    0x080093dc   0x000000e0   Code   RO          578    .text               misc.o
    0x080094bc   0x000005c8   Code   RO          598    .text               stm32f4xx_fsmc.o
    0x08009a84   0x00000294   Code   RO          621    .text               stm32f4xx_gpio.o
    0x08009d18   0x0000065c   Code   RO          641    .text               stm32f4xx_rcc.o
    0x0800a374   0x00000454   Code   RO          683    .text               stm32f4xx_usart.o
    0x0800a7c8   0x00000ca2   Code   RO          703    .text               stm32f4xx_tim.o
    0x0800b46a   0x00000002   PAD
    0x0800b46c   0x00000c34   Code   RO          723    .text               usmart.o
    0x0800c0a0   0x00000528   Code   RO          775    .text               usmart_str.o
    0x0800c5c8   0x00000002   Code   RO          795    .text               c_w.l(use_no_semi_2.o)
    0x0800c5ca   0x00000048   Code   RO          797    .text               c_w.l(llsdiv.o)
    0x0800c612   0x00000002   PAD
    0x0800c614   0x00000018   Code   RO          801    .text               c_w.l(noretval__2printf.o)
    0x0800c62c   0x0000004e   Code   RO          805    .text               c_w.l(_printf_pad.o)
    0x0800c67a   0x00000052   Code   RO          807    .text               c_w.l(_printf_str.o)
    0x0800c6cc   0x00000074   Code   RO          809    .text               c_w.l(_printf_dec.o)
    0x0800c740   0x00000058   Code   RO          814    .text               c_w.l(_printf_hex_int.o)
    0x0800c798   0x00000188   Code   RO          849    .text               c_w.l(__printf_flags_ss_wp.o)
    0x0800c920   0x00000058   Code   RO          858    .text               c_w.l(memcmp.o)
    0x0800c978   0x00000010   Code   RO          862    .text               c_w.l(aeabi_memset.o)
    0x0800c988   0x00000006   Code   RO          864    .text               c_w.l(heapauxi.o)
    0x0800c98e   0x00000002   Code   RO          920    .text               c_w.l(use_no_semi.o)
    0x0800c990   0x000000ee   Code   RO          923    .text               c_w.l(lludivv7m.o)
    0x0800ca7e   0x00000016   Code   RO          925    .text               c_w.l(_rserrno.o)
    0x0800ca94   0x000000b2   Code   RO          927    .text               c_w.l(_printf_intcommon.o)
    0x0800cb46   0x0000002c   Code   RO          929    .text               c_w.l(_printf_char.o)
    0x0800cb72   0x00000002   PAD
    0x0800cb74   0x00000024   Code   RO          931    .text               c_w.l(_printf_char_file.o)
    0x0800cb98   0x00000044   Code   RO          934    .text               c_w.l(rt_memclr.o)
    0x0800cbdc   0x00000008   Code   RO         1008    .text               c_w.l(rt_errno_addr_intlibspace.o)
    0x0800cbe4   0x00000030   Code   RO         1010    .text               c_w.l(_printf_char_common.o)
    0x0800cc14   0x00000008   Code   RO         1012    .text               c_w.l(ferror.o)
    0x0800cc1c   0x0000004e   Code   RO         1016    .text               c_w.l(rt_memclr_w.o)
    0x0800cc6a   0x00000002   PAD
    0x0800cc6c   0x00000008   Code   RO         1022    .text               c_w.l(libspace.o)
    0x0800cc74   0x0000004a   Code   RO         1025    .text               c_w.l(sys_stackheap_outer.o)
    0x0800ccbe   0x0000000c   Code   RO         1031    .text               c_w.l(exit.o)
    0x0800ccca   0x00000030   Code   RO          969    i.__ARM_fpclassify  m_wm.l(fpclassify.o)
    0x0800ccfa   0x00000006   PAD
    0x0800cd00   0x00000370   Code   RO          894    i.__hardfp_asin     m_wm.l(asin.o)
    0x0800d070   0x000002e0   Code   RO          947    i.__hardfp_atan     m_wm.l(atan.o)
    0x0800d350   0x000001f0   Code   RO          908    i.__hardfp_atan2    m_wm.l(atan2.o)
    0x0800d540   0x000000f8   Code   RO          971    i.__kernel_poly     m_wm.l(poly.o)
    0x0800d638   0x00000020   Code   RO          961    i.__mathlib_dbl_underflow  m_wm.l(dunder.o)
    0x0800d658   0x0000000e   Code   RO          842    i._is_digit         c_w.l(__printf_wp.o)
    0x0800d666   0x00000010   Code   RO          949    i.atan              m_wm.l(atan.o)
    0x0800d676   0x00000018   Code   RO          965    i.fabs              m_wm.l(fabs.o)
    0x0800d68e   0x0000006e   Code   RO          976    i.sqrt              m_wm.l(sqrt.o)
    0x0800d6fc   0x00000018   Code   RO          936    x$fpl$basic         fz_wm.l(basic.o)
    0x0800d714   0x00000062   Code   RO          868    x$fpl$d2f           fz_wm.l(d2f.o)
    0x0800d776   0x00000002   PAD
    0x0800d778   0x00000150   Code   RO          870    x$fpl$dadd          fz_wm.l(daddsub_clz.o)
    0x0800d8c8   0x000002b0   Code   RO          877    x$fpl$ddiv          fz_wm.l(ddiv.o)
    0x0800db78   0x0000005a   Code   RO          880    x$fpl$dfixu         fz_wm.l(dfixu.o)
    0x0800dbd2   0x0000002e   Code   RO          885    x$fpl$dflt          fz_wm.l(dflt_clz.o)
    0x0800dc00   0x00000026   Code   RO          884    x$fpl$dfltu         fz_wm.l(dflt_clz.o)
    0x0800dc26   0x00000002   PAD
    0x0800dc28   0x00000154   Code   RO          890    x$fpl$dmul          fz_wm.l(dmul.o)
    0x0800dd7c   0x0000009c   Code   RO          938    x$fpl$dnaninf       fz_wm.l(dnaninf.o)
    0x0800de18   0x0000000c   Code   RO          940    x$fpl$dretinf       fz_wm.l(dretinf.o)
    0x0800de24   0x00000016   Code   RO          871    x$fpl$drsb          fz_wm.l(daddsub_clz.o)
    0x0800de3a   0x00000002   PAD
    0x0800de3c   0x00000198   Code   RO         1020    x$fpl$dsqrt         fz_wm.l(dsqrt_umaal.o)
    0x0800dfd4   0x000001d4   Code   RO          872    x$fpl$dsub          fz_wm.l(daddsub_clz.o)
    0x0800e1a8   0x00000056   Code   RO          892    x$fpl$f2d           fz_wm.l(f2d.o)
    0x0800e1fe   0x0000008c   Code   RO          942    x$fpl$fnaninf       fz_wm.l(fnaninf.o)
    0x0800e28a   0x0000000a   Code   RO         1105    x$fpl$fpinit        fz_wm.l(fpinit.o)
    0x0800e294   0x0000000a   Code   RO          944    x$fpl$fretinf       fz_wm.l(fretinf.o)
    0x0800e29e   0x00000000   Code   RO          946    x$fpl$usenofp       fz_wm.l(usenofp.o)
    0x0800e29e   0x000017c0   Data   RO          293    .constdata          lcd.o
    0x0800fa5e   0x00000002   PAD
    0x0800fa60   0x00000050   Data   RO          370    .constdata          inv_mpu.o
    0x0800fab0   0x00000bf6   Data   RO          406    .constdata          inv_mpu_dmp_motion_driver.o
    0x080106a6   0x00000002   PAD
    0x080106a8   0x0000001c   Data   RO          599    .constdata          stm32f4xx_fsmc.o
    0x080106c4   0x00000028   Data   RO          815    .constdata          c_w.l(_printf_hex_int.o)
    0x080106ec   0x00000011   Data   RO          850    .constdata          c_w.l(__printf_flags_ss_wp.o)
    0x080106fd   0x00000003   PAD
    0x08010700   0x00000050   Data   RO          897    .constdata          m_wm.l(asin.o)
    0x08010750   0x00000098   Data   RO          950    .constdata          m_wm.l(atan.o)
    0x080107e8   0x00000008   Data   RO          973    .constdata          m_wm.l(qnan.o)
    0x080107f0   0x0000004d   Data   RO          371    .conststring        inv_mpu.o
    0x0801083d   0x00000003   PAD
    0x08010840   0x00000028   Data   RO          724    .conststring        usmart.o
    0x08010868   0x000000cb   Data   RO          754    .conststring        usmart_config.o
    0x08010933   0x00000001   PAD
    0x08010934   0x00000020   Data   RO         1162    Region$$Table       anon$$obj.o


    Execution Region RW_IRAM1 (Base: 0x20000000, Size: 0x00000900, Max: 0x00020000, ABSOLUTE, COMPRESSED[0x0000008c])

    Base Addr    Size         Type   Attr      Idx    E Section Name        Object

    0x20000000   0x00000014   Data   RW          225    .data               system_stm32f4xx.o
    0x20000014   0x00000001   Data   RW          271    .data               key.o
    0x20000015   0x00000001   PAD
    0x20000016   0x00000004   Data   RW          294    .data               lcd.o
    0x2000001a   0x00000002   PAD
    0x2000001c   0x00000035   Data   RW          372    .data               inv_mpu.o
    0x20000051   0x00000001   PAD
    0x20000052   0x00000004   Data   RW          501    .data               delay.o
    0x20000056   0x00000002   PAD
    0x20000058   0x00000006   Data   RW          542    .data               usart.o
    0x2000005e   0x00000010   Data   RW          642    .data               stm32f4xx_rcc.o
    0x2000006e   0x00000002   PAD
    0x20000070   0x0000001c   Data   RW          725    .data               usmart.o
    0x2000008c   0x0000012c   Data   RW          755    .data               usmart_config.o
    0x200001b8   0x0000000e   Zero   RW          292    .bss                lcd.o
    0x200001c6   0x00000002   PAD
    0x200001c8   0x00000010   Zero   RW          405    .bss                inv_mpu_dmp_motion_driver.o
    0x200001d8   0x000000c8   Zero   RW          541    .bss                usart.o
    0x200002a0   0x00000060   Zero   RW         1023    .bss                c_w.l(libspace.o)
    0x20000300   0x00000200   Zero   RW          570    HEAP                startup_stm32f40_41xxx.o
    0x20000500   0x00000400   Zero   RW          569    STACK               startup_stm32f40_41xxx.o


==============================================================================

Image component sizes


      Code (inc. data)   RO Data    RW Data    ZI Data      Debug   Object Name

       136         12          0          0          0       1143   car.o
       260          8          0          4          0       1465   delay.o
      8896        222        157         53          0      23881   inv_mpu.o
      3472        142       3062          0         16      15259   inv_mpu_dmp_motion_driver.o
       260         12          0          1          0        884   key.o
     19584        174       6080          4         14      22354   lcd.o
        56          6          0          0          0        543   led.o
      1764        248          0          0          0     292749   main.o
       224         20          0          0          0       1849   misc.o
       900         22          0          0          0       4283   mpu6050.o
       604         14          0          0          0       1912   myiic.o
       312         12          0          0          0       1168   pwm.o
        64         26        392          0       1536        840   startup_stm32f40_41xxx.o
      1480         18         28          0          0       5662   stm32f4xx_fsmc.o
       660         44          0          0          0       4129   stm32f4xx_gpio.o
        26          0          0          0          0       1238   stm32f4xx_it.o
      1628         52          0         16          0      12928   stm32f4xx_rcc.o
      3234         60          0          0          0      22332   stm32f4xx_tim.o
      1108         34          0          0          0       7828   stm32f4xx_usart.o
       528         46          0         20          0       1827   system_stm32f4xx.o
       340         18          0          6        200       3366   usart.o
      3124       1286         40         28          0       4414   usmart.o
         0          0        203        300          0       1548   usmart_config.o
      1320         12          0          0          0       5197   usmart_str.o

    ----------------------------------------------------------------------
     49984       2488      10002        440       1768     438799   Object Totals
         0          0         32          0          0          0   (incl. Generated)
         4          0          8          8          2          0   (incl. Padding)

    ----------------------------------------------------------------------

      Code (inc. data)   RO Data    RW Data    ZI Data      Debug   Library Member Name

        90          0          0          0          0          0   __dczerorl2.o
         8          0          0          0          0         68   __main.o
       392          4         17          0          0         92   __printf_flags_ss_wp.o
        14          0          0          0          0         68   __printf_wp.o
        52          8          0          0          0          0   __scatter.o
        28          0          0          0          0          0   __scatter_zi.o
         6          0          0          0          0          0   _printf_c.o
        44          0          0          0          0        108   _printf_char.o
        48          6          0          0          0         96   _printf_char_common.o
        36          4          0          0          0         80   _printf_char_file.o
         6          0          0          0          0          0   _printf_d.o
       116         16          0          0          0         92   _printf_dec.o
        88          4         40          0          0         88   _printf_hex_int.o
       178          0          0          0          0         88   _printf_intcommon.o
        78          0          0          0          0        108   _printf_pad.o
         0          0          0          0          0          0   _printf_percent.o
         4          0          0          0          0          0   _printf_percent_end.o
         6          0          0          0          0          0   _printf_s.o
        82          0          0          0          0         80   _printf_str.o
         6          0          0          0          0          0   _printf_u.o
         6          0          0          0          0          0   _printf_x.o
        22          0          0          0          0        100   _rserrno.o
        16          0          0          0          0         68   aeabi_memset.o
        12          0          0          0          0         72   exit.o
         8          0          0          0          0         68   ferror.o
         6          0          0          0          0        152   heapauxi.o
         2          0          0          0          0          0   libinit.o
         6          0          0          0          0          0   libinit2.o
         2          0          0          0          0          0   libshutdown.o
         2          0          0          0          0          0   libshutdown2.o
         8          4          0          0         96         68   libspace.o
        72          0          0          0          0         76   llsdiv.o
       238          0          0          0          0        100   lludivv7m.o
        88          0          0          0          0         76   memcmp.o
        24          4          0          0          0         84   noretval__2printf.o
         8          4          0          0          0         68   rt_errno_addr_intlibspace.o
        68          0          0          0          0         68   rt_memclr.o
        78          0          0          0          0         80   rt_memclr_w.o
         0          0          0          0          0          0   rtentry.o
        12          0          0          0          0          0   rtentry2.o
         6          0          0          0          0          0   rtentry4.o
         2          0          0          0          0          0   rtexit.o
        10          0          0          0          0          0   rtexit2.o
        74          0          0          0          0         80   sys_stackheap_outer.o
         2          0          0          0          0         68   use_no_semi.o
         2          0          0          0          0         68   use_no_semi_2.o
        24          0          0          0          0        164   basic.o
        98          4          0          0          0        140   d2f.o
       826         16          0          0          0        492   daddsub_clz.o
       688        140          0          0          0        256   ddiv.o
        90          4          0          0          0        140   dfixu.o
        84          0          0          0          0        232   dflt_clz.o
       340         12          0          0          0        152   dmul.o
       156          4          0          0          0        140   dnaninf.o
        12          0          0          0          0        116   dretinf.o
       408         56          0          0          0        168   dsqrt_umaal.o
        86          4          0          0          0        132   f2d.o
       140          4          0          0          0        132   fnaninf.o
        10          0          0          0          0        116   fpinit.o
        10          0          0          0          0        116   fretinf.o
         0          0          0          0          0          0   usenofp.o
       880        110         80          0          0        200   asin.o
       752        104        152          0          0        344   atan.o
       496         70          0          0          0        156   atan2.o
        32          8          0          0          0        124   dunder.o
        24          0          0          0          0        124   fabs.o
        48          0          0          0          0        124   fpclassify.o
       248          0          0          0          0        152   poly.o
         0          0          8          0          0          0   qnan.o
       110          0          0          0          0        148   sqrt.o

    ----------------------------------------------------------------------
      7638        590        300          0         96       6132   Library Totals
        20          0          3          0          0          0   (incl. Padding)

    ----------------------------------------------------------------------

      Code (inc. data)   RO Data    RW Data    ZI Data      Debug   Library Name

      2056         54         57          0         96       2264   c_w.l
      2972        244          0          0          0       2496   fz_wm.l
      2590        292        240          0          0       1372   m_wm.l

    ----------------------------------------------------------------------
      7638        590        300          0         96       6132   Library Totals

    ----------------------------------------------------------------------

==============================================================================


      Code (inc. data)   RO Data    RW Data    ZI Data      Debug   

     57622       3078      10302        440       1864     436635   Grand Totals
     57622       3078      10302        140       1864     436635   ELF Image Totals (compressed)
     57622       3078      10302        140          0          0   ROM Totals

==============================================================================

    Total RO  Size (Code + RO Data)                67924 (  66.33kB)
    Total RW  Size (RW Data + ZI Data)              2304 (   2.25kB)
    Total ROM Size (Code + RO Data + RW Data)      68064 (  66.47kB)

==============================================================================

